
Memory Configuration

Name             Origin             Length             Attributes
BRAM             0x0000000000000000 0x0000000000004000 xrw
*default*        0x0000000000000000 0xffffffffffffffff

Linker script and memory map


everything      0x0000000000000000      0x3e2
                0x0000000000000000                . = ALIGN (0x4)
 calculator.o(.text)
 .text          0x0000000000000000       0x9c calculator.o
 *(.*)
 .data          0x000000000000009c        0xc calculator.o
 .bss           0x00000000000000a8        0x0 calculator.o
 .riscv.attributes
                0x00000000000000a8       0x1a calculator.o
 *fill*         0x00000000000000c2        0x2 
 .text          0x00000000000000c4       0xfc bin_to_bcd.o
                0x00000000000000c4                bin_to_bcd
 .data          0x00000000000001c0        0x0 bin_to_bcd.o
 .bss           0x00000000000001c0        0x0 bin_to_bcd.o
 .riscv.attributes
                0x00000000000001c0       0x1a bin_to_bcd.o
 *fill*         0x00000000000001da        0x2 
 .text          0x00000000000001dc       0x78 mult.o
                0x00000000000001dc                mult
                0x0000000000000224                mult_hw
 .data          0x0000000000000254        0x0 mult.o
 .bss           0x0000000000000254        0x0 mult.o
 .riscv.attributes
                0x0000000000000254       0x1a mult.o
 *fill*         0x000000000000026e        0x2 
 .text          0x0000000000000270       0x60 div.o
                0x0000000000000270                div
 .data          0x00000000000002d0        0x0 div.o
 .bss           0x00000000000002d0        0x0 div.o
 .riscv.attributes
                0x00000000000002d0       0x1a div.o
 *fill*         0x00000000000002ea        0x2 
 .text          0x00000000000002ec       0x24 wait.o
                0x00000000000002ec                wait
 .data          0x0000000000000310        0x0 wait.o
 .bss           0x0000000000000310        0x0 wait.o
 .riscv.attributes
                0x0000000000000310       0x1a wait.o
 *fill*         0x000000000000032a        0x2 
 .text          0x000000000000032c       0x44 putchar.o
                0x000000000000032c                putchar
 .data          0x0000000000000370        0x0 putchar.o
 .bss           0x0000000000000370        0x0 putchar.o
 .riscv.attributes
                0x0000000000000370       0x1a putchar.o
 *fill*         0x000000000000038a        0x2 
 .text          0x000000000000038c       0x3c getchar.o
                0x000000000000038c                getchar
 .data          0x00000000000003c8        0x0 getchar.o
 .bss           0x00000000000003c8        0x0 getchar.o
 .riscv.attributes
                0x00000000000003c8       0x1a getchar.o
LOAD bin_to_bcd.o
LOAD mult.o
LOAD div.o
LOAD wait.o
LOAD putchar.o
LOAD getchar.o
LOAD calculator.o
OUTPUT(firmware.elf elf32-littleriscv)
