
firmware.elf:     file format elf32-littleriscv

Sections:
Idx Name          Size      VMA       LMA       File off  Algn
  0 everything    000002fc  00000000  00000000  00000054  2**2
                  CONTENTS, ALLOC, LOAD, READONLY, CODE
  1 .data         0000000c  000002fc  000002fc  00000350  2**0
                  CONTENTS, ALLOC, LOAD, DATA

Disassembly of section everything:

00000000 <bin_to_bcd>:
   0:	fe410113          	addi	sp,sp,-28
   4:	00512023          	sw	t0,0(sp)
   8:	00612223          	sw	t1,4(sp)
   c:	00712423          	sw	t2,8(sp)
  10:	01c12623          	sw	t3,12(sp)
  14:	01e12823          	sw	t5,16(sp)
  18:	01f12a23          	sw	t6,20(sp)
  1c:	00112c23          	sw	ra,24(sp)
  20:	00000593          	li	a1,0
  24:	00100f93          	li	t6,1
  28:	00ff9f93          	slli	t6,t6,0xf
  2c:	00159593          	slli	a1,a1,0x1
  30:	00300313          	li	t1,3
  34:	00500393          	li	t2,5
  38:	00f00e13          	li	t3,15
  3c:	00100293          	li	t0,1
  40:	00f29293          	slli	t0,t0,0xf
  44:	00a2f2b3          	and	t0,t0,a0
  48:	00028463          	beqz	t0,50 <MULT_DONE+0x3c>
  4c:	00158593          	addi	a1,a1,1
  50:	00151513          	slli	a0,a0,0x1
  54:	001fdf93          	srli	t6,t6,0x1
  58:	040f8263          	beqz	t6,9c <MULT_DONE+0x88>
  5c:	01c5f2b3          	and	t0,a1,t3
  60:	0072d463          	bge	t0,t2,68 <MULT_DONE+0x54>
  64:	0240006f          	j	88 <MULT_DONE+0x74>
  68:	006282b3          	add	t0,t0,t1
  6c:	01c2f2b3          	and	t0,t0,t3
  70:	00000f13          	li	t5,0
  74:	ffff0f13          	addi	t5,t5,-1
  78:	01ee4f33          	xor	t5,t3,t5
  7c:	01e2e2b3          	or	t0,t0,t5
  80:	01c5e5b3          	or	a1,a1,t3
  84:	0055f5b3          	and	a1,a1,t0
  88:	00431313          	slli	t1,t1,0x4
  8c:	00439393          	slli	t2,t2,0x4
  90:	004e1e13          	slli	t3,t3,0x4
  94:	f80e0ce3          	beqz	t3,2c <MULT_DONE+0x18>
  98:	fc5ff06f          	j	5c <MULT_DONE+0x48>
  9c:	00800e13          	li	t3,8
  a0:	00058293          	mv	t0,a1
  a4:	00c2d293          	srli	t0,t0,0xc
  a8:	00f2f293          	andi	t0,t0,15
  ac:	03028293          	addi	t0,t0,48
  b0:	00028513          	mv	a0,t0
  b4:	144000ef          	jal	ra,1f8 <putchar>
  b8:	00459593          	slli	a1,a1,0x4
  bc:	001e5e13          	srli	t3,t3,0x1
  c0:	000e0463          	beqz	t3,c8 <.PC0>
  c4:	fddff06f          	j	a0 <MULT_DONE+0x8c>

000000c8 <.PC0>:
  c8:	00a00513          	li	a0,10
  cc:	12c000ef          	jal	ra,1f8 <putchar>
  d0:	00d00513          	li	a0,13
  d4:	124000ef          	jal	ra,1f8 <putchar>
  d8:	00012283          	lw	t0,0(sp)
  dc:	00412303          	lw	t1,4(sp)
  e0:	00812383          	lw	t2,8(sp)
  e4:	00c12e03          	lw	t3,12(sp)
  e8:	01012f03          	lw	t5,16(sp)
  ec:	01412f83          	lw	t6,20(sp)
  f0:	01812083          	lw	ra,24(sp)
  f4:	01c10113          	addi	sp,sp,28
  f8:	00008067          	ret

000000fc <mult>:
  fc:	ff410113          	addi	sp,sp,-12
 100:	00d12023          	sw	a3,0(sp)
 104:	00e12223          	sw	a4,4(sp)
 108:	00112423          	sw	ra,8(sp)
 10c:	00050713          	mv	a4,a0
 110:	00058793          	mv	a5,a1
 114:	00000513          	li	a0,0
 118:	0017f693          	andi	a3,a5,1
 11c:	00068463          	beqz	a3,124 <mult+0x28>
 120:	00e50533          	add	a0,a0,a4
 124:	0017d793          	srli	a5,a5,0x1
 128:	00171713          	slli	a4,a4,0x1
 12c:	fe0796e3          	bnez	a5,118 <mult+0x1c>
 130:	00012683          	lw	a3,0(sp)
 134:	00412703          	lw	a4,4(sp)
 138:	00812083          	lw	ra,8(sp)
 13c:	00c10113          	addi	sp,sp,12
 140:	00008067          	ret

00000144 <mult_hw>:
 144:	004201b7          	lui	gp,0x420
 148:	00a1a223          	sw	a0,4(gp) # 420004 <MULT_BASE+0x4>
 14c:	00b1a423          	sw	a1,8(gp)
 150:	00100513          	li	a0,1
 154:	00a1a623          	sw	a0,12(gp)
 158:	0001a623          	sw	zero,12(gp)
 15c:	00100293          	li	t0,1
 160:	0141a303          	lw	t1,20(gp)
 164:	00537333          	and	t1,t1,t0
 168:	fe030ae3          	beqz	t1,15c <mult_hw+0x18>
 16c:	0101a503          	lw	a0,16(gp)
 170:	00008067          	ret

00000174 <div>:
 174:	ff810113          	addi	sp,sp,-8
 178:	00d12023          	sw	a3,0(sp)
 17c:	00c120a3          	sw	a2,1(sp)
 180:	00058613          	mv	a2,a1
 184:	00050593          	mv	a1,a0
 188:	fff00513          	li	a0,-1
 18c:	02060c63          	beqz	a2,1c4 <div+0x50>
 190:	00100693          	li	a3,1
 194:	00b67a63          	bgeu	a2,a1,1a8 <div+0x34>
 198:	00c05863          	blez	a2,1a8 <div+0x34>
 19c:	00161613          	slli	a2,a2,0x1
 1a0:	00169693          	slli	a3,a3,0x1
 1a4:	feb66ae3          	bltu	a2,a1,198 <div+0x24>
 1a8:	00000513          	li	a0,0
 1ac:	00c5e663          	bltu	a1,a2,1b8 <div+0x44>
 1b0:	40c585b3          	sub	a1,a1,a2
 1b4:	00d56533          	or	a0,a0,a3
 1b8:	0016d693          	srli	a3,a3,0x1
 1bc:	00165613          	srli	a2,a2,0x1
 1c0:	fe0696e3          	bnez	a3,1ac <div+0x38>
 1c4:	00012683          	lw	a3,0(sp)
 1c8:	00112603          	lw	a2,1(sp)
 1cc:	00810113          	addi	sp,sp,8
 1d0:	00008067          	ret

000001d4 <wait>:
 1d4:	ffc10113          	addi	sp,sp,-4
 1d8:	00512023          	sw	t0,0(sp)
 1dc:	00100293          	li	t0,1
 1e0:	00a292b3          	sll	t0,t0,a0
 1e4:	fff28293          	addi	t0,t0,-1
 1e8:	fe029ee3          	bnez	t0,1e4 <wait+0x10>
 1ec:	00012283          	lw	t0,0(sp)
 1f0:	00410113          	addi	sp,sp,4
 1f4:	00008067          	ret

000001f8 <putchar>:
 1f8:	ff410113          	addi	sp,sp,-12
 1fc:	00512023          	sw	t0,0(sp)
 200:	00612223          	sw	t1,4(sp)
 204:	00112423          	sw	ra,8(sp)
 208:	004001b7          	lui	gp,0x400
 20c:	00a1a423          	sw	a0,8(gp) # 400008 <UART_BASE+0x8>
 210:	00800293          	li	t0,8
 214:	0051a823          	sw	t0,16(gp)
 218:	00000293          	li	t0,0
 21c:	0051a823          	sw	t0,16(gp)
 220:	20000293          	li	t0,512
 224:	0101a303          	lw	t1,16(gp)
 228:	00537333          	and	t1,t1,t0
 22c:	fe031ce3          	bnez	t1,224 <putchar+0x2c>
 230:	00812083          	lw	ra,8(sp)
 234:	00412303          	lw	t1,4(sp)
 238:	00012283          	lw	t0,0(sp)
 23c:	00c10113          	addi	sp,sp,12
 240:	00008067          	ret

00000244 <getchar>:
 244:	ff810113          	addi	sp,sp,-8
 248:	00112023          	sw	ra,0(sp)
 24c:	00512223          	sw	t0,4(sp)
 250:	004001b7          	lui	gp,0x400
 254:	0101a503          	lw	a0,16(gp) # 400010 <UART_BASE+0x10>
 258:	10057293          	andi	t0,a0,256
 25c:	fe028ce3          	beqz	t0,254 <getchar+0x10>
 260:	00100293          	li	t0,1
 264:	0051a823          	sw	t0,16(gp)
 268:	00000293          	li	t0,0
 26c:	0051a823          	sw	t0,16(gp)
 270:	0081a503          	lw	a0,8(gp)
 274:	0ff57513          	zext.b	a0,a0
 278:	00012083          	lw	ra,0(sp)
 27c:	00412283          	lw	t0,4(sp)
 280:	00810113          	addi	sp,sp,8
 284:	00008067          	ret

00000288 <calculator>:
 288:	00010137          	lui	sp,0x10
 28c:	03010113          	addi	sp,sp,48 # 10030 <result+0xfd2c>

00000290 <loopM>:
 290:	2fc00513          	li	a0,764
 294:	03c000ef          	jal	ra,2d0 <putstring>
 298:	fadff0ef          	jal	ra,244 <getchar>
 29c:	f5dff0ef          	jal	ra,1f8 <putchar>
 2a0:	fd050613          	addi	a2,a0,-48
 2a4:	fa1ff0ef          	jal	ra,244 <getchar>
 2a8:	f51ff0ef          	jal	ra,1f8 <putchar>
 2ac:	00050693          	mv	a3,a0
 2b0:	f95ff0ef          	jal	ra,244 <getchar>
 2b4:	f45ff0ef          	jal	ra,1f8 <putchar>
 2b8:	fd050293          	addi	t0,a0,-48
 2bc:	00028593          	mv	a1,t0
 2c0:	00060513          	mv	a0,a2
 2c4:	e39ff0ef          	jal	ra,fc <mult>
 2c8:	d39ff0ef          	jal	ra,0 <bin_to_bcd>
 2cc:	fc5ff06f          	j	290 <loopM>

000002d0 <putstring>:
 2d0:	ffc10113          	addi	sp,sp,-4
 2d4:	00112023          	sw	ra,0(sp)
 2d8:	00050393          	mv	t2,a0
 2dc:	0003c503          	lbu	a0,0(t2)
 2e0:	00050863          	beqz	a0,2f0 <putstring+0x20>
 2e4:	f15ff0ef          	jal	ra,1f8 <putchar>
 2e8:	00138393          	addi	t2,t2,1
 2ec:	ff1ff06f          	j	2dc <putstring+0xc>
 2f0:	00012083          	lw	ra,0(sp)
 2f4:	00410113          	addi	sp,sp,4
 2f8:	00008067          	ret
