
firmware.elf:     file format elf32-littleriscv

Sections:
Idx Name          Size      VMA       LMA       File off  Algn
  0 everything    00000056  00000000  00000000  00000054  2**2
                  CONTENTS, ALLOC, LOAD, CODE

Disassembly of section everything:

00000000 <_start>:
   0:	004000b7          	lui	ra,0x400
   4:	01008093          	addi	ra,ra,16 # 400010 <delay2_loop+0x3fffe0>

00000008 <loop>:
   8:	00400113          	li	sp,4
   c:	00000193          	li	gp,0
  10:	0000f2b7          	lui	t0,0xf
  14:	42428293          	addi	t0,t0,1060 # f424 <delay2_loop+0xf3f4>
  18:	0020a023          	sw	sp,0(ra)

0000001c <delay1>:
  1c:	00028213          	mv	tp,t0

00000020 <delay1_loop>:
  20:	fff20213          	addi	tp,tp,-1
  24:	fe021ee3          	bnez	tp,20 <delay1_loop>
  28:	0030a023          	sw	gp,0(ra)

0000002c <delay2>:
  2c:	00028213          	mv	tp,t0

00000030 <delay2_loop>:
  30:	fff20213          	addi	tp,tp,-1
  34:	fe021ee3          	bnez	tp,30 <delay2_loop>
  38:	fd1ff06f          	j	8 <loop>
  3c:	1941                	addi	s2,s2,-16
  3e:	0000                	unimp
  40:	7200                	flw	fs0,32(a2)
  42:	7369                	lui	t1,0xffffa
  44:	01007663          	bgeu	zero,a6,50 <delay2_loop+0x20>
  48:	0000000f          	fence	unknown,unknown
  4c:	7205                	lui	tp,0xfffe1
  4e:	3376                	fld	ft6,376(sp)
  50:	6932                	flw	fs2,12(sp)
  52:	7032                	flw	ft0,44(sp)
  54:	0030                	addi	a2,sp,8
