
Memory Configuration

Name             Origin             Length             Attributes
BRAM             0x0000000000000000 0x0000000000004000 xrw
*default*        0x0000000000000000 0xffffffffffffffff

Linker script and memory map


everything      0x0000000000000000      0x3be
                0x0000000000000000                . = ALIGN (0x4)
 calculator.o(.text)
 .text          0x0000000000000000       0x68 calculator.o
 *(.*)
 .data          0x0000000000000068        0xe calculator.o
 .bss           0x0000000000000076        0x0 calculator.o
 .riscv.attributes
                0x0000000000000076       0x1a calculator.o
 .text          0x0000000000000090       0xfc bin_to_bcd.o
                0x0000000000000090                bin_to_bcd
 .data          0x000000000000018c        0x0 bin_to_bcd.o
 .bss           0x000000000000018c        0x0 bin_to_bcd.o
 .riscv.attributes
                0x000000000000018c       0x1a bin_to_bcd.o
 *fill*         0x00000000000001a6        0x2 
 .text          0x00000000000001a8       0x78 mult.o
                0x00000000000001a8                mult
                0x00000000000001f0                mult_hw
 .data          0x0000000000000220        0x0 mult.o
 .bss           0x0000000000000220        0x0 mult.o
 .riscv.attributes
                0x0000000000000220       0x1a mult.o
 *fill*         0x000000000000023a        0x2 
 .text          0x000000000000023c       0x60 div.o
                0x000000000000023c                div
 .data          0x000000000000029c        0x0 div.o
 .bss           0x000000000000029c        0x0 div.o
 .riscv.attributes
                0x000000000000029c       0x1a div.o
 *fill*         0x00000000000002b6        0x2 
 .text          0x00000000000002b8       0x24 wait.o
                0x00000000000002b8                wait
 .data          0x00000000000002dc        0x0 wait.o
 .bss           0x00000000000002dc        0x0 wait.o
 .riscv.attributes
                0x00000000000002dc       0x1a wait.o
 *fill*         0x00000000000002f6        0x2 
 .text          0x00000000000002f8       0x4c putchar.o
                0x00000000000002f8                putchar
 .data          0x0000000000000344        0x0 putchar.o
 .bss           0x0000000000000344        0x0 putchar.o
 .riscv.attributes
                0x0000000000000344       0x1a putchar.o
 *fill*         0x000000000000035e        0x2 
 .text          0x0000000000000360       0x44 getchar.o
                0x0000000000000360                getchar
 .data          0x00000000000003a4        0x0 getchar.o
 .bss           0x00000000000003a4        0x0 getchar.o
 .riscv.attributes
                0x00000000000003a4       0x1a getchar.o
LOAD bin_to_bcd.o
LOAD mult.o
LOAD div.o
LOAD wait.o
LOAD putchar.o
LOAD getchar.o
LOAD calculator.o
OUTPUT(firmware.elf elf32-littleriscv)
