
Memory Configuration

Name             Origin             Length             Attributes
BRAM             0x0000000000000000 0x0000000000004000 xrw
*default*        0x0000000000000000 0xffffffffffffffff

Linker script and memory map


everything      0x0000000000000000      0x40a
                0x0000000000000000                . = ALIGN (0x4)
 calculator.o(.text)
 .text          0x0000000000000000       0x9c calculator.o
 *(.*)
 .data          0x000000000000009c       0x3d calculator.o
 .bss           0x00000000000000d9        0x0 calculator.o
 .riscv.attributes
                0x00000000000000d9       0x1a calculator.o
 *fill*         0x00000000000000f3        0x1 
 .text          0x00000000000000f4       0xfc bin_to_bcd.o
                0x00000000000000f4                bin_to_bcd
 .data          0x00000000000001f0        0x0 bin_to_bcd.o
 .bss           0x00000000000001f0        0x0 bin_to_bcd.o
 .riscv.attributes
                0x00000000000001f0       0x1a bin_to_bcd.o
 *fill*         0x000000000000020a        0x2 
 .text          0x000000000000020c       0x78 mult.o
                0x000000000000020c                mult
                0x0000000000000254                mult_hw
 .data          0x0000000000000284        0x0 mult.o
 .bss           0x0000000000000284        0x0 mult.o
 .riscv.attributes
                0x0000000000000284       0x1a mult.o
 *fill*         0x000000000000029e        0x2 
 .text          0x00000000000002a0       0x60 div.o
                0x00000000000002a0                div
 .data          0x0000000000000300        0x0 div.o
 .bss           0x0000000000000300        0x0 div.o
 .riscv.attributes
                0x0000000000000300       0x1a div.o
 *fill*         0x000000000000031a        0x2 
 .text          0x000000000000031c       0x24 wait.o
                0x000000000000031c                wait
 .data          0x0000000000000340        0x0 wait.o
 .bss           0x0000000000000340        0x0 wait.o
 .riscv.attributes
                0x0000000000000340       0x1a wait.o
 *fill*         0x000000000000035a        0x2 
 .text          0x000000000000035c       0x44 putchar.o
                0x000000000000035c                putchar
 .data          0x00000000000003a0        0x0 putchar.o
 .bss           0x00000000000003a0        0x0 putchar.o
 .riscv.attributes
                0x00000000000003a0       0x1a putchar.o
 *fill*         0x00000000000003ba        0x2 
 .text          0x00000000000003bc       0x34 getchar.o
                0x00000000000003bc                getchar
 .data          0x00000000000003f0        0x0 getchar.o
 .bss           0x00000000000003f0        0x0 getchar.o
 .riscv.attributes
                0x00000000000003f0       0x1a getchar.o
LOAD bin_to_bcd.o
LOAD mult.o
LOAD div.o
LOAD wait.o
LOAD putchar.o
LOAD getchar.o
LOAD calculator.o
OUTPUT(firmware.elf elf32-littleriscv)
