
 /----------------------------------------------------------------------------\
 |  yosys -- Yosys Open SYnthesis Suite                                       |
 |  Copyright (C) 2012 - 2025  Claire Xenia Wolf <claire@yosyshq.com>         |
 |  Distributed under an ISC-like license, type "license" to see terms        |
 \----------------------------------------------------------------------------/
 Yosys 0.59+62 (git sha1 9aa2dde7e, g++ 14.2.0-19ubuntu2 -fPIC -O3)

-- Parsing `mult_32.v' using frontend ` -vlog2k' --

1. Executing Verilog-2005 frontend: mult_32.v
Parsing Verilog input from `mult_32.v' to AST representation.
verilog frontend filename mult_32.v
Storing AST representation for module `$abstract\mult_32'.
Successfully finished Verilog frontend.

-- Parsing `acc.v' using frontend ` -vlog2k' --

2. Executing Verilog-2005 frontend: acc.v
Parsing Verilog input from `acc.v' to AST representation.
verilog frontend filename acc.v
Storing AST representation for module `$abstract\acc'.
Successfully finished Verilog frontend.

-- Parsing `comp.v' using frontend ` -vlog2k' --

3. Executing Verilog-2005 frontend: comp.v
Parsing Verilog input from `comp.v' to AST representation.
verilog frontend filename comp.v
Storing AST representation for module `$abstract\comp'.
Successfully finished Verilog frontend.

-- Parsing `control_mult.v' using frontend ` -vlog2k' --

4. Executing Verilog-2005 frontend: control_mult.v
Parsing Verilog input from `control_mult.v' to AST representation.
verilog frontend filename control_mult.v
Storing AST representation for module `$abstract\control_mult'.
Successfully finished Verilog frontend.

-- Parsing `lsr.v' using frontend ` -vlog2k' --

5. Executing Verilog-2005 frontend: lsr.v
Parsing Verilog input from `lsr.v' to AST representation.
verilog frontend filename lsr.v
Storing AST representation for module `$abstract\lsr'.
Successfully finished Verilog frontend.

-- Parsing `rsr.v' using frontend ` -vlog2k' --

6. Executing Verilog-2005 frontend: rsr.v
Parsing Verilog input from `rsr.v' to AST representation.
verilog frontend filename rsr.v
Storing AST representation for module `$abstract\rsr'.
Successfully finished Verilog frontend.

-- Running command `synth_ecp5 -top mult_32 -json mult_32.json; write_verilog -attr2comment mult_32_synth.v' --

7. Executing SYNTH_LATTICE pass.

7.1. Executing Verilog-2005 frontend: /usr/local/bin/../share/yosys/lattice/cells_sim_ecp5.v
Parsing Verilog input from `/usr/local/bin/../share/yosys/lattice/cells_sim_ecp5.v' to AST representation.
verilog frontend filename /usr/local/bin/../share/yosys/lattice/cells_sim_ecp5.v
Generating RTLIL representation for module `\LUT4'.
Generating RTLIL representation for module `\$__ABC9_LUT5'.
Generating RTLIL representation for module `\$__ABC9_LUT6'.
Generating RTLIL representation for module `\$__ABC9_LUT7'.
Generating RTLIL representation for module `\L6MUX21'.
Generating RTLIL representation for module `\TRELLIS_RAM16X2'.
Generating RTLIL representation for module `\PFUMX'.
Generating RTLIL representation for module `\TRELLIS_DPR16X4'.
Generating RTLIL representation for module `\DPR16X4C'.
Generating RTLIL representation for module `\LUT2'.
Generating RTLIL representation for module `\TRELLIS_FF'.
Generating RTLIL representation for module `\TRELLIS_IO'.
Generating RTLIL representation for module `\INV'.
Generating RTLIL representation for module `\TRELLIS_COMB'.
Generating RTLIL representation for module `\VLO'.
Generating RTLIL representation for module `\VHI'.
Generating RTLIL representation for module `\FD1P3AX'.
Generating RTLIL representation for module `\FD1P3AY'.
Generating RTLIL representation for module `\FD1P3BX'.
Generating RTLIL representation for module `\FD1P3DX'.
Generating RTLIL representation for module `\FD1P3IX'.
Generating RTLIL representation for module `\FD1P3JX'.
Generating RTLIL representation for module `\FD1S3AX'.
Generating RTLIL representation for module `\FD1S3AY'.
Generating RTLIL representation for module `\FD1S3BX'.
Generating RTLIL representation for module `\FD1S3DX'.
Generating RTLIL representation for module `\FD1S3IX'.
Generating RTLIL representation for module `\FD1S3JX'.
Generating RTLIL representation for module `\IFS1P3BX'.
Generating RTLIL representation for module `\IFS1P3DX'.
Generating RTLIL representation for module `\IFS1P3IX'.
Generating RTLIL representation for module `\IFS1P3JX'.
Generating RTLIL representation for module `\OFS1P3BX'.
Generating RTLIL representation for module `\OFS1P3DX'.
Generating RTLIL representation for module `\OFS1P3IX'.
Generating RTLIL representation for module `\OFS1P3JX'.
Generating RTLIL representation for module `\IB'.
Generating RTLIL representation for module `\IBPU'.
Generating RTLIL representation for module `\IBPD'.
Generating RTLIL representation for module `\OB'.
Generating RTLIL representation for module `\OBZ'.
Generating RTLIL representation for module `\OBZPU'.
Generating RTLIL representation for module `\OBZPD'.
Generating RTLIL representation for module `\OBCO'.
Generating RTLIL representation for module `\BB'.
Generating RTLIL representation for module `\BBPU'.
Generating RTLIL representation for module `\BBPD'.
Generating RTLIL representation for module `\ILVDS'.
Generating RTLIL representation for module `\OLVDS'.
Generating RTLIL representation for module `\CCU2C'.
Generating RTLIL representation for module `\DP16KD'.
Replacing existing blackbox module `\FD1P3AX' at /usr/local/bin/../share/yosys/lattice/cells_ff.vh:2.1-2.261.
Generating RTLIL representation for module `\FD1P3AX'.
Replacing existing blackbox module `\FD1P3AY' at /usr/local/bin/../share/yosys/lattice/cells_ff.vh:3.1-3.261.
Generating RTLIL representation for module `\FD1P3AY'.
Replacing existing blackbox module `\FD1P3BX' at /usr/local/bin/../share/yosys/lattice/cells_ff.vh:4.1-4.261.
Generating RTLIL representation for module `\FD1P3BX'.
Replacing existing blackbox module `\FD1P3DX' at /usr/local/bin/../share/yosys/lattice/cells_ff.vh:5.1-5.261.
Generating RTLIL representation for module `\FD1P3DX'.
Replacing existing blackbox module `\FD1P3IX' at /usr/local/bin/../share/yosys/lattice/cells_ff.vh:6.1-6.261.
Generating RTLIL representation for module `\FD1P3IX'.
Replacing existing blackbox module `\FD1P3JX' at /usr/local/bin/../share/yosys/lattice/cells_ff.vh:7.1-7.261.
Generating RTLIL representation for module `\FD1P3JX'.
Replacing existing blackbox module `\FD1S3AX' at /usr/local/bin/../share/yosys/lattice/cells_ff.vh:8.1-8.261.
Generating RTLIL representation for module `\FD1S3AX'.
Replacing existing blackbox module `\FD1S3AY' at /usr/local/bin/../share/yosys/lattice/cells_ff.vh:9.1-9.261.
Generating RTLIL representation for module `\FD1S3AY'.
Replacing existing blackbox module `\FD1S3BX' at /usr/local/bin/../share/yosys/lattice/cells_ff.vh:10.1-10.261.
Generating RTLIL representation for module `\FD1S3BX'.
Replacing existing blackbox module `\FD1S3DX' at /usr/local/bin/../share/yosys/lattice/cells_ff.vh:11.1-11.261.
Generating RTLIL representation for module `\FD1S3DX'.
Replacing existing blackbox module `\FD1S3IX' at /usr/local/bin/../share/yosys/lattice/cells_ff.vh:12.1-12.261.
Generating RTLIL representation for module `\FD1S3IX'.
Replacing existing blackbox module `\FD1S3JX' at /usr/local/bin/../share/yosys/lattice/cells_ff.vh:13.1-13.261.
Generating RTLIL representation for module `\FD1S3JX'.
Replacing existing blackbox module `\IFS1P3BX' at /usr/local/bin/../share/yosys/lattice/cells_ff.vh:26.1-26.301.
Generating RTLIL representation for module `\IFS1P3BX'.
Replacing existing blackbox module `\IFS1P3DX' at /usr/local/bin/../share/yosys/lattice/cells_ff.vh:27.1-27.301.
Generating RTLIL representation for module `\IFS1P3DX'.
Replacing existing blackbox module `\IFS1P3IX' at /usr/local/bin/../share/yosys/lattice/cells_ff.vh:28.1-28.301.
Generating RTLIL representation for module `\IFS1P3IX'.
Replacing existing blackbox module `\IFS1P3JX' at /usr/local/bin/../share/yosys/lattice/cells_ff.vh:29.1-29.301.
Generating RTLIL representation for module `\IFS1P3JX'.
Replacing existing blackbox module `\OFS1P3BX' at /usr/local/bin/../share/yosys/lattice/cells_ff.vh:31.1-31.302.
Generating RTLIL representation for module `\OFS1P3BX'.
Replacing existing blackbox module `\OFS1P3DX' at /usr/local/bin/../share/yosys/lattice/cells_ff.vh:32.1-32.302.
Generating RTLIL representation for module `\OFS1P3DX'.
Replacing existing blackbox module `\OFS1P3IX' at /usr/local/bin/../share/yosys/lattice/cells_ff.vh:33.1-33.302.
Generating RTLIL representation for module `\OFS1P3IX'.
Replacing existing blackbox module `\OFS1P3JX' at /usr/local/bin/../share/yosys/lattice/cells_ff.vh:34.1-34.302.
Generating RTLIL representation for module `\OFS1P3JX'.
Replacing existing blackbox module `\IB' at /usr/local/bin/../share/yosys/lattice/cells_io.vh:2.1-2.157.
Generating RTLIL representation for module `\IB'.
Replacing existing blackbox module `\IBPU' at /usr/local/bin/../share/yosys/lattice/cells_io.vh:3.1-3.157.
Generating RTLIL representation for module `\IBPU'.
Replacing existing blackbox module `\IBPD' at /usr/local/bin/../share/yosys/lattice/cells_io.vh:4.1-4.157.
Generating RTLIL representation for module `\IBPD'.
Replacing existing blackbox module `\OB' at /usr/local/bin/../share/yosys/lattice/cells_io.vh:5.1-5.157.
Generating RTLIL representation for module `\OB'.
Replacing existing blackbox module `\OBZ' at /usr/local/bin/../share/yosys/lattice/cells_io.vh:6.1-6.164.
Generating RTLIL representation for module `\OBZ'.
Replacing existing blackbox module `\OBZPU' at /usr/local/bin/../share/yosys/lattice/cells_io.vh:7.1-7.164.
Generating RTLIL representation for module `\OBZPU'.
Replacing existing blackbox module `\OBZPD' at /usr/local/bin/../share/yosys/lattice/cells_io.vh:8.1-8.164.
Generating RTLIL representation for module `\OBZPD'.
Replacing existing blackbox module `\OBCO' at /usr/local/bin/../share/yosys/lattice/cells_io.vh:9.1-9.90.
Generating RTLIL representation for module `\OBCO'.
Replacing existing blackbox module `\BB' at /usr/local/bin/../share/yosys/lattice/cells_io.vh:10.1-10.179.
Generating RTLIL representation for module `\BB'.
Replacing existing blackbox module `\BBPU' at /usr/local/bin/../share/yosys/lattice/cells_io.vh:11.1-11.179.
Generating RTLIL representation for module `\BBPU'.
Replacing existing blackbox module `\BBPD' at /usr/local/bin/../share/yosys/lattice/cells_io.vh:12.1-12.179.
Generating RTLIL representation for module `\BBPD'.
Replacing existing blackbox module `\ILVDS' at /usr/local/bin/../share/yosys/lattice/cells_io.vh:13.1-13.139.
Generating RTLIL representation for module `\ILVDS'.
Replacing existing blackbox module `\OLVDS' at /usr/local/bin/../share/yosys/lattice/cells_io.vh:14.1-14.146.
Generating RTLIL representation for module `\OLVDS'.
Successfully finished Verilog frontend.

7.2. Executing Verilog-2005 frontend: /usr/local/bin/../share/yosys/lattice/cells_bb_ecp5.v
Parsing Verilog input from `/usr/local/bin/../share/yosys/lattice/cells_bb_ecp5.v' to AST representation.
verilog frontend filename /usr/local/bin/../share/yosys/lattice/cells_bb_ecp5.v
Generating RTLIL representation for module `\GSR'.
Generating RTLIL representation for module `\PUR'.
Generating RTLIL representation for module `\SGSR'.
Generating RTLIL representation for module `\PDPW16KD'.
Generating RTLIL representation for module `\MULT18X18D'.
Generating RTLIL representation for module `\ALU54B'.
Generating RTLIL representation for module `\CLKDIVF'.
Generating RTLIL representation for module `\PCSCLKDIV'.
Generating RTLIL representation for module `\DCSC'.
Generating RTLIL representation for module `\DCCA'.
Generating RTLIL representation for module `\ECLKSYNCB'.
Generating RTLIL representation for module `\ECLKBRIDGECS'.
Generating RTLIL representation for module `\DELAYF'.
Generating RTLIL representation for module `\DELAYG'.
Generating RTLIL representation for module `\USRMCLK'.
Generating RTLIL representation for module `\DQSBUFM'.
Generating RTLIL representation for module `\DDRDLLA'.
Generating RTLIL representation for module `\DLLDELD'.
Generating RTLIL representation for module `\IDDRX1F'.
Generating RTLIL representation for module `\IDDRX2F'.
Generating RTLIL representation for module `\IDDR71B'.
Generating RTLIL representation for module `\IDDRX2DQA'.
Generating RTLIL representation for module `\ODDRX1F'.
Generating RTLIL representation for module `\ODDRX2F'.
Generating RTLIL representation for module `\ODDR71B'.
Generating RTLIL representation for module `\OSHX2A'.
Generating RTLIL representation for module `\TSHX2DQA'.
Generating RTLIL representation for module `\TSHX2DQSA'.
Generating RTLIL representation for module `\ODDRX2DQA'.
Generating RTLIL representation for module `\ODDRX2DQSB'.
Generating RTLIL representation for module `\EHXPLLL'.
Generating RTLIL representation for module `\DTR'.
Generating RTLIL representation for module `\OSCG'.
Generating RTLIL representation for module `\EXTREFB'.
Generating RTLIL representation for module `\JTAGG'.
Generating RTLIL representation for module `\DCUA'.
Successfully finished Verilog frontend.

7.3. Executing HIERARCHY pass (managing design hierarchy).

7.4. Executing AST frontend in derive mode using pre-parsed AST for module `\mult_32'.
Generating RTLIL representation for module `\mult_32'.

7.4.1. Analyzing design hierarchy..
Top module:  \mult_32

7.4.2. Executing AST frontend in derive mode using pre-parsed AST for module `\control_mult'.
Generating RTLIL representation for module `\control_mult'.

7.4.3. Executing AST frontend in derive mode using pre-parsed AST for module `\acc'.
Generating RTLIL representation for module `\acc'.

7.4.4. Executing AST frontend in derive mode using pre-parsed AST for module `\comp'.
Generating RTLIL representation for module `\comp'.

7.4.5. Executing AST frontend in derive mode using pre-parsed AST for module `\lsr'.
Generating RTLIL representation for module `\lsr'.

7.4.6. Executing AST frontend in derive mode using pre-parsed AST for module `\rsr'.
Generating RTLIL representation for module `\rsr'.

7.4.7. Analyzing design hierarchy..
Top module:  \mult_32
Used module:     \control_mult
Used module:     \acc
Used module:     \comp
Used module:     \lsr
Used module:     \rsr

7.4.8. Analyzing design hierarchy..
Top module:  \mult_32
Used module:     \control_mult
Used module:     \acc
Used module:     \comp
Used module:     \lsr
Used module:     \rsr
Removing unused module `$abstract\rsr'.
Removing unused module `$abstract\lsr'.
Removing unused module `$abstract\control_mult'.
Removing unused module `$abstract\comp'.
Removing unused module `$abstract\acc'.
Removing unused module `$abstract\mult_32'.
Removed 6 unused modules.

7.5. Executing PROC pass (convert processes to netlists).

7.5.1. Executing PROC_CLEAN pass (remove empty switches from decision trees).
Cleaned up 0 empty switches.

7.5.2. Executing PROC_RMDEAD pass (remove dead branches from decision trees).
Marked 2 switch rules as full_case in process $proc$rsr.v:8$238 in module rsr.
Marked 2 switch rules as full_case in process $proc$lsr.v:8$236 in module lsr.
Marked 2 switch rules as full_case in process $proc$acc.v:10$229 in module acc.
Marked 1 switch rules as full_case in process $proc$control_mult.v:71$227 in module control_mult.
Marked 5 switch rules as full_case in process $proc$control_mult.v:31$226 in module control_mult.
Removed a total of 0 dead cases.

7.5.3. Executing PROC_PRUNE pass (remove redundant assignments in processes).
Removed 0 redundant assignments.
Promoted 16 assignments to connections.

7.5.4. Executing PROC_INIT pass (extract init attributes).
Found init rule in `\comp.$proc$comp.v:6$235'.
  Set init value: \tmp = 1'0
Found init rule in `\acc.$proc$acc.v:8$231'.
  Set init value: \pp = 0
Found init rule in `\control_mult.$proc$control_mult.v:23$228'.
  Set init value: \reset = 1'0
  Set init value: \done = 1'0
  Set init value: \add = 1'0
  Set init value: \sh = 1'0
  Set init value: \state = 3'000

7.5.5. Executing PROC_ARST pass (detect async resets in processes).

7.5.6. Executing PROC_ROM pass (convert switches to ROMs).
Converted 0 switches.
<suppressed ~12 debug messages>

7.5.7. Executing PROC_MUX pass (convert decision trees to multiplexers).
Creating decoders for process `\rsr.$proc$rsr.v:8$238'.
     1/2: $2\s_B[15:0]
     2/2: $1\s_B[15:0]
Creating decoders for process `\lsr.$proc$lsr.v:8$236'.
     1/2: $2\s_A[31:0]
     2/2: $1\s_A[31:0]
Creating decoders for process `\comp.$proc$comp.v:6$235'.
Creating decoders for process `\comp.$proc$comp.v:9$232'.
Creating decoders for process `\acc.$proc$acc.v:8$231'.
Creating decoders for process `\acc.$proc$acc.v:10$229'.
     1/2: $2\pp[31:0]
     2/2: $1\pp[31:0]
Creating decoders for process `\control_mult.$proc$control_mult.v:23$228'.
Creating decoders for process `\control_mult.$proc$control_mult.v:71$227'.
     1/4: $1\add[0:0]
     2/4: $1\reset[0:0]
     3/4: $1\sh[0:0]
     4/4: $1\done[0:0]
Creating decoders for process `\control_mult.$proc$control_mult.v:31$226'.
     1/5: $5\state[2:0]
     2/5: $4\state[2:0]
     3/5: $3\state[2:0]
     4/5: $2\state[2:0]
     5/5: $1\state[2:0]

7.5.8. Executing PROC_DLATCH pass (convert process syncs to latches).
No latch inferred for signal `\comp.\tmp' from process `\comp.$proc$comp.v:9$232'.
Removing init bit 1'0 for non-memory siginal `\comp.\tmp` in process `\comp.$proc$comp.v:9$232`.
No latch inferred for signal `\control_mult.\reset' from process `\control_mult.$proc$control_mult.v:71$227'.
Removing init bit 1'0 for non-memory siginal `\control_mult.\reset` in process `\control_mult.$proc$control_mult.v:71$227`.
No latch inferred for signal `\control_mult.\done' from process `\control_mult.$proc$control_mult.v:71$227'.
Removing init bit 1'0 for non-memory siginal `\control_mult.\done` in process `\control_mult.$proc$control_mult.v:71$227`.
No latch inferred for signal `\control_mult.\add' from process `\control_mult.$proc$control_mult.v:71$227'.
Removing init bit 1'0 for non-memory siginal `\control_mult.\add` in process `\control_mult.$proc$control_mult.v:71$227`.
No latch inferred for signal `\control_mult.\sh' from process `\control_mult.$proc$control_mult.v:71$227'.
Removing init bit 1'0 for non-memory siginal `\control_mult.\sh` in process `\control_mult.$proc$control_mult.v:71$227`.

7.5.9. Executing PROC_DFF pass (convert process syncs to FFs).
Creating register for signal `\rsr.\s_B' using process `\rsr.$proc$rsr.v:8$238'.
  created $dff cell `$procdff$334' with negative edge clock.
Creating register for signal `\lsr.\s_A' using process `\lsr.$proc$lsr.v:8$236'.
  created $dff cell `$procdff$335' with negative edge clock.
Creating register for signal `\acc.\pp' using process `\acc.$proc$acc.v:10$229'.
  created $dff cell `$procdff$336' with negative edge clock.
Creating register for signal `\control_mult.\state' using process `\control_mult.$proc$control_mult.v:31$226'.
  created $dff cell `$procdff$337' with positive edge clock.

7.5.10. Executing PROC_MEMWR pass (convert process memory writes to cells).

7.5.11. Executing PROC_CLEAN pass (remove empty switches from decision trees).
Found and cleaned up 2 empty switches in `\rsr.$proc$rsr.v:8$238'.
Removing empty process `rsr.$proc$rsr.v:8$238'.
Found and cleaned up 2 empty switches in `\lsr.$proc$lsr.v:8$236'.
Removing empty process `lsr.$proc$lsr.v:8$236'.
Removing empty process `comp.$proc$comp.v:6$235'.
Removing empty process `comp.$proc$comp.v:9$232'.
Removing empty process `acc.$proc$acc.v:8$231'.
Found and cleaned up 2 empty switches in `\acc.$proc$acc.v:10$229'.
Removing empty process `acc.$proc$acc.v:10$229'.
Removing empty process `control_mult.$proc$control_mult.v:23$228'.
Found and cleaned up 1 empty switch in `\control_mult.$proc$control_mult.v:71$227'.
Removing empty process `control_mult.$proc$control_mult.v:71$227'.
Found and cleaned up 5 empty switches in `\control_mult.$proc$control_mult.v:31$226'.
Removing empty process `control_mult.$proc$control_mult.v:31$226'.
Cleaned up 12 empty switches.

7.5.12. Executing OPT_EXPR pass (perform const folding).
Optimizing module rsr.
<suppressed ~1 debug messages>
Optimizing module lsr.
<suppressed ~1 debug messages>
Optimizing module comp.
<suppressed ~1 debug messages>
Optimizing module acc.
Optimizing module control_mult.
<suppressed ~2 debug messages>
Optimizing module mult_32.

7.6. Executing FLATTEN pass (flatten design).
Deleting now unused module rsr.
Deleting now unused module lsr.
Deleting now unused module comp.
Deleting now unused module acc.
Deleting now unused module control_mult.
<suppressed ~5 debug messages>

7.7. Executing TRIBUF pass.

7.8. Executing DEMINOUT pass (demote inout ports to input or output).

7.9. Executing OPT_EXPR pass (perform const folding).
Optimizing module mult_32.

7.10. Executing OPT_CLEAN pass (remove unused cells and wires).
Finding unused cells or wires in module \mult_32..
Removed 0 unused cells and 55 unused wires.
<suppressed ~1 debug messages>

7.11. Executing CHECK pass (checking for obvious problems).
Checking module mult_32...
Found and reported 0 problems.

7.12. Executing OPT pass (performing simple optimizations).

7.12.1. Executing OPT_EXPR pass (perform const folding).
Optimizing module mult_32.

7.12.2. Executing OPT_MERGE pass (detect identical cells).
Finding identical cells in module `\mult_32'.
<suppressed ~27 debug messages>
Removed a total of 9 cells.

7.12.3. Executing OPT_MUXTREE pass (detect dead branches in mux trees).
Running muxtree optimizer on module \mult_32..
  Creating internal representation of mux trees.
  Evaluating internal representation of mux trees.
  Analyzing evaluation results.
    dead port 2/2 on $mux $flatten\control0.$procmux$291.
    dead port 1/2 on $mux $flatten\acc0.$procmux$262.
    dead port 1/2 on $mux $flatten\control0.$procmux$294.
    dead port 2/2 on $mux $flatten\control0.$procmux$303.
    dead port 1/2 on $mux $flatten\control0.$procmux$306.
    dead port 2/2 on $mux $flatten\control0.$procmux$316.
    dead port 1/2 on $mux $flatten\control0.$procmux$319.
    dead port 1/2 on $mux $flatten\control0.$procmux$329.
    dead port 1/2 on $mux $flatten\lsr0.$procmux$253.
    dead port 1/2 on $mux $flatten\rsr0.$procmux$244.
Removed 10 multiplexer ports.
<suppressed ~35 debug messages>

7.12.4. Executing OPT_REDUCE pass (consolidate $*mux and $reduce_* inputs).
  Optimizing cells in module \mult_32.
    New ctrl vector for $pmux cell $flatten\control0.$procmux$272: $auto$opt_reduce.cc:137:opt_pmux$344
  Optimizing cells in module \mult_32.
Performed a total of 1 changes.

7.12.5. Executing OPT_MERGE pass (detect identical cells).
Finding identical cells in module `\mult_32'.
Removed a total of 0 cells.

7.12.6. Executing OPT_DFF pass (perform DFF optimizations).

7.12.7. Executing OPT_CLEAN pass (remove unused cells and wires).
Finding unused cells or wires in module \mult_32..
Removed 0 unused cells and 19 unused wires.
<suppressed ~1 debug messages>

7.12.8. Executing OPT_EXPR pass (perform const folding).
Optimizing module mult_32.
<suppressed ~3 debug messages>

7.12.9. Rerunning OPT passes. (Maybe there is more to do..)

7.12.10. Executing OPT_MUXTREE pass (detect dead branches in mux trees).
Running muxtree optimizer on module \mult_32..
  Creating internal representation of mux trees.
  Evaluating internal representation of mux trees.
  Analyzing evaluation results.
    dead port 1/2 on $mux $flatten\control0.$procmux$272.
    dead port 2/2 on $mux $flatten\control0.$procmux$272.
Removed 2 multiplexer ports.
<suppressed ~23 debug messages>

7.12.11. Executing OPT_REDUCE pass (consolidate $*mux and $reduce_* inputs).
  Optimizing cells in module \mult_32.
Performed a total of 0 changes.

7.12.12. Executing OPT_MERGE pass (detect identical cells).
Finding identical cells in module `\mult_32'.
Removed a total of 0 cells.

7.12.13. Executing OPT_DFF pass (perform DFF optimizations).

7.12.14. Executing OPT_CLEAN pass (remove unused cells and wires).
Finding unused cells or wires in module \mult_32..
Removed 0 unused cells and 5 unused wires.
<suppressed ~5 debug messages>

7.12.15. Executing OPT_EXPR pass (perform const folding).
Optimizing module mult_32.

7.12.16. Rerunning OPT passes. (Maybe there is more to do..)

7.12.17. Executing OPT_MUXTREE pass (detect dead branches in mux trees).
Running muxtree optimizer on module \mult_32..
  Creating internal representation of mux trees.
  Evaluating internal representation of mux trees.
  Analyzing evaluation results.
Removed 0 multiplexer ports.
<suppressed ~23 debug messages>

7.12.18. Executing OPT_REDUCE pass (consolidate $*mux and $reduce_* inputs).
  Optimizing cells in module \mult_32.
Performed a total of 0 changes.

7.12.19. Executing OPT_MERGE pass (detect identical cells).
Finding identical cells in module `\mult_32'.
Removed a total of 0 cells.

7.12.20. Executing OPT_DFF pass (perform DFF optimizations).

7.12.21. Executing OPT_CLEAN pass (remove unused cells and wires).
Finding unused cells or wires in module \mult_32..

7.12.22. Executing OPT_EXPR pass (perform const folding).
Optimizing module mult_32.

7.12.23. Finished fast OPT passes. (There is nothing left to do.)

7.13. Executing FSM pass (extract and optimize FSM).

7.13.1. Executing FSM_DETECT pass (finding FSMs in design).
Not marking mult_32.control0.state as FSM state register:
    Register has an initialization value.

7.13.2. Executing FSM_EXTRACT pass (extracting FSM from design).

7.13.3. Executing FSM_OPT pass (simple optimizations of FSMs).

7.13.4. Executing OPT_CLEAN pass (remove unused cells and wires).
Finding unused cells or wires in module \mult_32..

7.13.5. Executing FSM_OPT pass (simple optimizations of FSMs).

7.13.6. Executing FSM_RECODE pass (re-assigning FSM state encoding).

7.13.7. Executing FSM_INFO pass (dumping all available information on FSM cells).

7.13.8. Executing FSM_MAP pass (mapping FSMs to basic logic).

7.14. Executing OPT pass (performing simple optimizations).

7.14.1. Executing OPT_EXPR pass (perform const folding).
Optimizing module mult_32.

7.14.2. Executing OPT_MERGE pass (detect identical cells).
Finding identical cells in module `\mult_32'.
Removed a total of 0 cells.

7.14.3. Executing OPT_MUXTREE pass (detect dead branches in mux trees).
Running muxtree optimizer on module \mult_32..
  Creating internal representation of mux trees.
  Evaluating internal representation of mux trees.
  Analyzing evaluation results.
Removed 0 multiplexer ports.
<suppressed ~23 debug messages>

7.14.4. Executing OPT_REDUCE pass (consolidate $*mux and $reduce_* inputs).
  Optimizing cells in module \mult_32.
Performed a total of 0 changes.

7.14.5. Executing OPT_MERGE pass (detect identical cells).
Finding identical cells in module `\mult_32'.
Removed a total of 0 cells.

7.14.6. Executing OPT_DFF pass (perform DFF optimizations).
Adding EN signal on $flatten\rsr0.$procdff$334 ($dff) from module mult_32 (D = $flatten\rsr0.$0\s_B[15:0], Q = \rsr0.s_B).
Adding SRST signal on $flatten\lsr0.$procdff$335 ($dff) from module mult_32 (D = $flatten\lsr0.$2\s_A[31:0] [31:16], Q = \lsr0.s_A [31:16], rval = 16'0000000000000000).
Adding EN signal on $flatten\lsr0.$procdff$335 ($dff) from module mult_32 (D = $flatten\lsr0.$0\s_A[31:0] [15:0], Q = \lsr0.s_A [15:0]).
Adding EN signal on $auto$ff.cc:266:slice$348 ($sdff) from module mult_32 (D = \lsr0.s_A [30:15], Q = \lsr0.s_A [31:16]).
Adding SRST signal on $flatten\control0.$procdff$337 ($dff) from module mult_32 (D = $flatten\control0.$2\state[2:0], Q = \control0.state, rval = 3'000).
Adding SRST signal on $flatten\acc0.$procdff$336 ($dff) from module mult_32 (D = $flatten\acc0.$2\pp[31:0], Q = \acc0.pp, rval = 0).
Adding EN signal on $auto$ff.cc:266:slice$355 ($sdff) from module mult_32 (D = $flatten\acc0.$add$acc.v:15$230_Y, Q = \acc0.pp).

7.14.7. Executing OPT_CLEAN pass (remove unused cells and wires).
Finding unused cells or wires in module \mult_32..
Removed 3 unused cells and 3 unused wires.
<suppressed ~4 debug messages>

7.14.8. Executing OPT_EXPR pass (perform const folding).
Optimizing module mult_32.

7.14.9. Rerunning OPT passes. (Maybe there is more to do..)

7.14.10. Executing OPT_MUXTREE pass (detect dead branches in mux trees).
Running muxtree optimizer on module \mult_32..
  Creating internal representation of mux trees.
  Evaluating internal representation of mux trees.
  Analyzing evaluation results.
Removed 0 multiplexer ports.
<suppressed ~19 debug messages>

7.14.11. Executing OPT_REDUCE pass (consolidate $*mux and $reduce_* inputs).
  Optimizing cells in module \mult_32.
Performed a total of 0 changes.

7.14.12. Executing OPT_MERGE pass (detect identical cells).
Finding identical cells in module `\mult_32'.
<suppressed ~3 debug messages>
Removed a total of 1 cells.

7.14.13. Executing OPT_DFF pass (perform DFF optimizations).

7.14.14. Executing OPT_CLEAN pass (remove unused cells and wires).
Finding unused cells or wires in module \mult_32..
Removed 0 unused cells and 1 unused wires.
<suppressed ~1 debug messages>

7.14.15. Executing OPT_EXPR pass (perform const folding).
Optimizing module mult_32.

7.14.16. Rerunning OPT passes. (Maybe there is more to do..)

7.14.17. Executing OPT_MUXTREE pass (detect dead branches in mux trees).
Running muxtree optimizer on module \mult_32..
  Creating internal representation of mux trees.
  Evaluating internal representation of mux trees.
  Analyzing evaluation results.
Removed 0 multiplexer ports.
<suppressed ~19 debug messages>

7.14.18. Executing OPT_REDUCE pass (consolidate $*mux and $reduce_* inputs).
  Optimizing cells in module \mult_32.
Performed a total of 0 changes.

7.14.19. Executing OPT_MERGE pass (detect identical cells).
Finding identical cells in module `\mult_32'.
Removed a total of 0 cells.

7.14.20. Executing OPT_DFF pass (perform DFF optimizations).

7.14.21. Executing OPT_CLEAN pass (remove unused cells and wires).
Finding unused cells or wires in module \mult_32..

7.14.22. Executing OPT_EXPR pass (perform const folding).
Optimizing module mult_32.

7.14.23. Finished fast OPT passes. (There is nothing left to do.)

7.15. Executing WREDUCE pass (reducing word size of cells).
Removed top 1 bits (of 2) from port B of cell mult_32.$auto$opt_dff.cc:248:make_patterns_logic$347 ($ne).
Removed top 16 bits (of 32) from mux cell mult_32.$flatten\lsr0.$procmux$256 ($mux).
Removed top 16 bits (of 32) from mux cell mult_32.$flatten\lsr0.$procmux$250 ($mux).
Removed top 2 bits (of 3) from mux cell mult_32.$flatten\control0.$procmux$314 ($mux).
Removed top 2 bits (of 3) from mux cell mult_32.$flatten\control0.$procmux$301 ($mux).
Removed top 2 bits (of 3) from port B of cell mult_32.$flatten\control0.$procmux$276_CMP0 ($eq).
Removed top 1 bits (of 3) from port B of cell mult_32.$flatten\control0.$procmux$275_CMP0 ($eq).
Removed top 1 bits (of 3) from port B of cell mult_32.$flatten\control0.$procmux$270_CMP0 ($eq).
Removed top 2 bits (of 3) from wire mult_32.$flatten\control0.$3\state[2:0].
Removed top 2 bits (of 3) from wire mult_32.$flatten\control0.$4\state[2:0].
Removed top 16 bits (of 32) from wire mult_32.$flatten\lsr0.$0\s_A[31:0].
Removed top 20 bits (of 32) from wire mult_32.$flatten\lsr0.$2\s_A[31:0].

7.16. Executing PEEPOPT pass (run peephole optimizers).

7.17. Executing OPT_CLEAN pass (remove unused cells and wires).
Finding unused cells or wires in module \mult_32..
Removed 0 unused cells and 4 unused wires.
<suppressed ~1 debug messages>

7.18. Executing SHARE pass (SAT-based resource sharing).

7.19. Executing TECHMAP pass (map to technology primitives).

7.19.1. Executing Verilog-2005 frontend: /usr/local/bin/../share/yosys/cmp2lut.v
Parsing Verilog input from `/usr/local/bin/../share/yosys/cmp2lut.v' to AST representation.
verilog frontend filename /usr/local/bin/../share/yosys/cmp2lut.v
Generating RTLIL representation for module `\_90_lut_cmp_'.
Successfully finished Verilog frontend.

7.19.2. Continuing TECHMAP pass.
No more expansions possible.
<suppressed ~6 debug messages>

7.20. Executing OPT_EXPR pass (perform const folding).
Optimizing module mult_32.

7.21. Executing OPT_CLEAN pass (remove unused cells and wires).
Finding unused cells or wires in module \mult_32..

7.22. Executing TECHMAP pass (map to technology primitives).

7.22.1. Executing Verilog-2005 frontend: /usr/local/bin/../share/yosys/mul2dsp.v
Parsing Verilog input from `/usr/local/bin/../share/yosys/mul2dsp.v' to AST representation.
verilog frontend filename /usr/local/bin/../share/yosys/mul2dsp.v
Generating RTLIL representation for module `\_80_mul'.
Generating RTLIL representation for module `\_90_soft_mul'.
Successfully finished Verilog frontend.

7.22.2. Continuing TECHMAP pass.
No more expansions possible.
<suppressed ~4 debug messages>

7.23. Executing TECHMAP pass (map to technology primitives).

7.23.1. Executing Verilog-2005 frontend: /usr/local/bin/../share/yosys/lattice/dsp_map_18x18.v
Parsing Verilog input from `/usr/local/bin/../share/yosys/lattice/dsp_map_18x18.v' to AST representation.
verilog frontend filename /usr/local/bin/../share/yosys/lattice/dsp_map_18x18.v
Generating RTLIL representation for module `\$__MUL18X18'.
Successfully finished Verilog frontend.

7.23.2. Continuing TECHMAP pass.
No more expansions possible.
<suppressed ~3 debug messages>

7.24. Executing ALUMACC pass (create $alu and $macc cells).
Extracting $alu and $macc cells in module mult_32:
  creating $macc model for $flatten\acc0.$add$acc.v:15$230 ($add).
  creating $alu model for $macc $flatten\acc0.$add$acc.v:15$230.
  creating $alu cell for $flatten\acc0.$add$acc.v:15$230: $auto$alumacc.cc:512:replace_alu$362
  created 1 $alu and 0 $macc cells.

7.25. Executing OPT pass (performing simple optimizations).

7.25.1. Executing OPT_EXPR pass (perform const folding).
Optimizing module mult_32.

7.25.2. Executing OPT_MERGE pass (detect identical cells).
Finding identical cells in module `\mult_32'.
Removed a total of 0 cells.

7.25.3. Executing OPT_MUXTREE pass (detect dead branches in mux trees).
Running muxtree optimizer on module \mult_32..
  Creating internal representation of mux trees.
  Evaluating internal representation of mux trees.
  Analyzing evaluation results.
Removed 0 multiplexer ports.
<suppressed ~19 debug messages>

7.25.4. Executing OPT_REDUCE pass (consolidate $*mux and $reduce_* inputs).
  Optimizing cells in module \mult_32.
Performed a total of 0 changes.

7.25.5. Executing OPT_MERGE pass (detect identical cells).
Finding identical cells in module `\mult_32'.
Removed a total of 0 cells.

7.25.6. Executing OPT_DFF pass (perform DFF optimizations).

7.25.7. Executing OPT_CLEAN pass (remove unused cells and wires).
Finding unused cells or wires in module \mult_32..

7.25.8. Executing OPT_EXPR pass (perform const folding).
Optimizing module mult_32.

7.25.9. Finished fast OPT passes. (There is nothing left to do.)

7.26. Executing MEMORY pass.

7.26.1. Executing OPT_MEM pass (optimize memories).
Performed a total of 0 transformations.

7.26.2. Executing OPT_MEM_PRIORITY pass (removing unnecessary memory write priority relations).
Performed a total of 0 transformations.

7.26.3. Executing OPT_MEM_FEEDBACK pass (finding memory read-to-write feedback paths).

7.26.4. Executing MEMORY_BMUX2ROM pass (converting muxes to ROMs).

7.26.5. Executing MEMORY_DFF pass (merging $dff cells to $memrd).

7.26.6. Executing OPT_CLEAN pass (remove unused cells and wires).
Finding unused cells or wires in module \mult_32..

7.26.7. Executing MEMORY_SHARE pass (consolidating $memrd/$memwr cells).

7.26.8. Executing OPT_MEM_WIDEN pass (optimize memories where all ports are wide).
Performed a total of 0 transformations.

7.26.9. Executing OPT_CLEAN pass (remove unused cells and wires).
Finding unused cells or wires in module \mult_32..

7.26.10. Executing MEMORY_COLLECT pass (generating $mem cells).

7.27. Executing OPT_CLEAN pass (remove unused cells and wires).
Finding unused cells or wires in module \mult_32..

7.28. Executing MEMORY_LIBMAP pass (mapping memories to cells).

7.29. Executing TECHMAP pass (map to technology primitives).

7.29.1. Executing Verilog-2005 frontend: /usr/local/bin/../share/yosys/lattice/lutrams_map_trellis.v
Parsing Verilog input from `/usr/local/bin/../share/yosys/lattice/lutrams_map_trellis.v' to AST representation.
verilog frontend filename /usr/local/bin/../share/yosys/lattice/lutrams_map_trellis.v
Generating RTLIL representation for module `\$__TRELLIS_DPR16X4_'.
Successfully finished Verilog frontend.

7.29.2. Executing Verilog-2005 frontend: /usr/local/bin/../share/yosys/lattice/brams_map_16kd.v
Parsing Verilog input from `/usr/local/bin/../share/yosys/lattice/brams_map_16kd.v' to AST representation.
verilog frontend filename /usr/local/bin/../share/yosys/lattice/brams_map_16kd.v
Generating RTLIL representation for module `\$__DP16KD_'.
Generating RTLIL representation for module `\$__PDPW16KD_'.
Successfully finished Verilog frontend.

7.29.3. Continuing TECHMAP pass.
No more expansions possible.
<suppressed ~5 debug messages>

7.30. Executing OPT pass (performing simple optimizations).

7.30.1. Executing OPT_EXPR pass (perform const folding).
Optimizing module mult_32.
<suppressed ~8 debug messages>

7.30.2. Executing OPT_MERGE pass (detect identical cells).
Finding identical cells in module `\mult_32'.
Removed a total of 0 cells.

7.30.3. Executing OPT_DFF pass (perform DFF optimizations).

7.30.4. Executing OPT_CLEAN pass (remove unused cells and wires).
Finding unused cells or wires in module \mult_32..
Removed 0 unused cells and 8 unused wires.
<suppressed ~1 debug messages>

7.30.5. Finished fast OPT passes.

7.31. Executing MEMORY_MAP pass (converting memories to logic and flip-flops).

7.32. Executing OPT pass (performing simple optimizations).

7.32.1. Executing OPT_EXPR pass (perform const folding).
Optimizing module mult_32.

7.32.2. Executing OPT_MERGE pass (detect identical cells).
Finding identical cells in module `\mult_32'.
Removed a total of 0 cells.

7.32.3. Executing OPT_MUXTREE pass (detect dead branches in mux trees).
Running muxtree optimizer on module \mult_32..
  Creating internal representation of mux trees.
  Evaluating internal representation of mux trees.
  Analyzing evaluation results.
Removed 0 multiplexer ports.
<suppressed ~7 debug messages>

7.32.4. Executing OPT_REDUCE pass (consolidate $*mux and $reduce_* inputs).
  Optimizing cells in module \mult_32.
    Consolidated identical input bits for $mux cell $flatten\control0.$procmux$289:
      Old ports: A=3'001, B=3'100, Y=$flatten\control0.$5\state[2:0]
      New ports: A=2'01, B=2'10, Y={ $flatten\control0.$5\state[2:0] [2] $flatten\control0.$5\state[2:0] [0] }
      New connections: $flatten\control0.$5\state[2:0] [1] = 1'0
  Optimizing cells in module \mult_32.
Performed a total of 1 changes.

7.32.5. Executing OPT_MERGE pass (detect identical cells).
Finding identical cells in module `\mult_32'.
Removed a total of 0 cells.

7.32.6. Executing OPT_DFF pass (perform DFF optimizations).
Adding SRST signal on $auto$ff.cc:266:slice$350 ($dffe) from module mult_32 (D = \A [0], Q = \lsr0.s_A [0], rval = 1'0).
Adding SRST signal on $auto$ff.cc:266:slice$345 ($dffe) from module mult_32 (D = \B [15], Q = \rsr0.s_B [15], rval = 1'0).

7.32.7. Executing OPT_CLEAN pass (remove unused cells and wires).
Finding unused cells or wires in module \mult_32..

7.32.8. Executing OPT_EXPR pass (perform const folding).
Optimizing module mult_32.

7.32.9. Rerunning OPT passes. (Maybe there is more to do..)

7.32.10. Executing OPT_MUXTREE pass (detect dead branches in mux trees).
Running muxtree optimizer on module \mult_32..
  Creating internal representation of mux trees.
  Evaluating internal representation of mux trees.
  Analyzing evaluation results.
Removed 0 multiplexer ports.
<suppressed ~7 debug messages>

7.32.11. Executing OPT_REDUCE pass (consolidate $*mux and $reduce_* inputs).
  Optimizing cells in module \mult_32.
Performed a total of 0 changes.

7.32.12. Executing OPT_MERGE pass (detect identical cells).
Finding identical cells in module `\mult_32'.
Removed a total of 0 cells.

7.32.13. Executing OPT_DFF pass (perform DFF optimizations).

7.32.14. Executing OPT_CLEAN pass (remove unused cells and wires).
Finding unused cells or wires in module \mult_32..

7.32.15. Executing OPT_EXPR pass (perform const folding).
Optimizing module mult_32.

7.32.16. Finished fast OPT passes. (There is nothing left to do.)

7.33. Executing TECHMAP pass (map to technology primitives).

7.33.1. Executing Verilog-2005 frontend: /usr/local/bin/../share/yosys/techmap.v
Parsing Verilog input from `/usr/local/bin/../share/yosys/techmap.v' to AST representation.
verilog frontend filename /usr/local/bin/../share/yosys/techmap.v
Generating RTLIL representation for module `\_90_simplemap_bool_ops'.
Generating RTLIL representation for module `\_90_simplemap_reduce_ops'.
Generating RTLIL representation for module `\_90_simplemap_logic_ops'.
Generating RTLIL representation for module `\_90_simplemap_compare_ops'.
Generating RTLIL representation for module `\_90_simplemap_various'.
Generating RTLIL representation for module `\_90_simplemap_registers'.
Generating RTLIL representation for module `\_90_shift_ops_shr_shl_sshl_sshr'.
Generating RTLIL representation for module `\_90_shift_shiftx'.
Generating RTLIL representation for module `\_90_fa'.
Generating RTLIL representation for module `\_90_lcu_brent_kung'.
Generating RTLIL representation for module `\_90_alu'.
Generating RTLIL representation for module `\_90_macc'.
Generating RTLIL representation for module `\_90_alumacc'.
Generating RTLIL representation for module `\$__div_mod_u'.
Generating RTLIL representation for module `\$__div_mod_trunc'.
Generating RTLIL representation for module `\_90_div'.
Generating RTLIL representation for module `\_90_mod'.
Generating RTLIL representation for module `\$__div_mod_floor'.
Generating RTLIL representation for module `\_90_divfloor'.
Generating RTLIL representation for module `\_90_modfloor'.
Generating RTLIL representation for module `\_90_pow'.
Generating RTLIL representation for module `\_90_pmux'.
Generating RTLIL representation for module `\_90_demux'.
Generating RTLIL representation for module `\_90_lut'.
Generating RTLIL representation for module `\$connect'.
Generating RTLIL representation for module `\$input_port'.
Successfully finished Verilog frontend.

7.33.2. Executing Verilog-2005 frontend: /usr/local/bin/../share/yosys/lattice/arith_map_ccu2c.v
Parsing Verilog input from `/usr/local/bin/../share/yosys/lattice/arith_map_ccu2c.v' to AST representation.
verilog frontend filename /usr/local/bin/../share/yosys/lattice/arith_map_ccu2c.v
Generating RTLIL representation for module `\_80_ccu2c_alu'.
Successfully finished Verilog frontend.

7.33.3. Continuing TECHMAP pass.
Using extmapper simplemap for cells of type $dffe.
Using extmapper simplemap for cells of type $sdffce.
Using template $paramod$fbc7873bff55778c0b3173955b7e4bce1d9d6834\_80_ccu2c_alu for cells of type $alu.
Using extmapper simplemap for cells of type $sdffe.
Using extmapper simplemap for cells of type $sdff.
Using extmapper simplemap for cells of type $ne.
Using extmapper simplemap for cells of type $reduce_or.
Using extmapper simplemap for cells of type $mux.
Using extmapper simplemap for cells of type $logic_not.
Using template $paramod$d31bf4d7d72e59528d18fbd4f322e9d608532043\_90_pmux for cells of type $pmux.
Using extmapper simplemap for cells of type $eq.
Using extmapper simplemap for cells of type $logic_or.
Using extmapper simplemap for cells of type $logic_and.
Using extmapper simplemap for cells of type $xor.
Using extmapper simplemap for cells of type $not.
Using extmapper simplemap for cells of type $pos.
Using extmapper simplemap for cells of type $and.
No more expansions possible.
<suppressed ~207 debug messages>

7.34. Executing OPT pass (performing simple optimizations).

7.34.1. Executing OPT_EXPR pass (perform const folding).
Optimizing module mult_32.
<suppressed ~113 debug messages>

7.34.2. Executing OPT_MERGE pass (detect identical cells).
Finding identical cells in module `\mult_32'.
<suppressed ~12 debug messages>
Removed a total of 4 cells.

7.34.3. Executing OPT_DFF pass (perform DFF optimizations).

7.34.4. Executing OPT_CLEAN pass (remove unused cells and wires).
Finding unused cells or wires in module \mult_32..
Removed 128 unused cells and 120 unused wires.
<suppressed ~129 debug messages>

7.34.5. Finished fast OPT passes.

7.35. Executing OPT_CLEAN pass (remove unused cells and wires).
Finding unused cells or wires in module \mult_32..

7.36. Executing DFFLEGALIZE pass (convert FFs to types supported by the target).

7.37. Executing OPT_MERGE pass (detect identical cells).
Finding identical cells in module `\mult_32'.
<suppressed ~147 debug messages>
Removed a total of 49 cells.

7.38. Executing TECHMAP pass (map to technology primitives).

7.38.1. Executing Verilog-2005 frontend: /usr/local/bin/../share/yosys/lattice/cells_map_trellis.v
Parsing Verilog input from `/usr/local/bin/../share/yosys/lattice/cells_map_trellis.v' to AST representation.
verilog frontend filename /usr/local/bin/../share/yosys/lattice/cells_map_trellis.v
Generating RTLIL representation for module `\$_DFF_N_'.
Generating RTLIL representation for module `\$_DFF_P_'.
Generating RTLIL representation for module `\$_DFFE_NN_'.
Generating RTLIL representation for module `\$_DFFE_PN_'.
Generating RTLIL representation for module `\$_DFFE_NP_'.
Generating RTLIL representation for module `\$_DFFE_PP_'.
Generating RTLIL representation for module `\$_DFF_NP0_'.
Generating RTLIL representation for module `\$_DFF_NP1_'.
Generating RTLIL representation for module `\$_DFF_PP0_'.
Generating RTLIL representation for module `\$_DFF_PP1_'.
Generating RTLIL representation for module `\$_SDFF_NP0_'.
Generating RTLIL representation for module `\$_SDFF_NP1_'.
Generating RTLIL representation for module `\$_SDFF_PP0_'.
Generating RTLIL representation for module `\$_SDFF_PP1_'.
Generating RTLIL representation for module `\$_DFFE_NP0P_'.
Generating RTLIL representation for module `\$_DFFE_NP1P_'.
Generating RTLIL representation for module `\$_DFFE_PP0P_'.
Generating RTLIL representation for module `\$_DFFE_PP1P_'.
Generating RTLIL representation for module `\$_DFFE_NP0N_'.
Generating RTLIL representation for module `\$_DFFE_NP1N_'.
Generating RTLIL representation for module `\$_DFFE_PP0N_'.
Generating RTLIL representation for module `\$_DFFE_PP1N_'.
Generating RTLIL representation for module `\$_SDFFE_NP0P_'.
Generating RTLIL representation for module `\$_SDFFE_NP1P_'.
Generating RTLIL representation for module `\$_SDFFE_PP0P_'.
Generating RTLIL representation for module `\$_SDFFE_PP1P_'.
Generating RTLIL representation for module `\$_SDFFE_NP0N_'.
Generating RTLIL representation for module `\$_SDFFE_NP1N_'.
Generating RTLIL representation for module `\$_SDFFE_PP0N_'.
Generating RTLIL representation for module `\$_SDFFE_PP1N_'.
Generating RTLIL representation for module `\$_ALDFF_NP_'.
Generating RTLIL representation for module `\$_ALDFF_PP_'.
Generating RTLIL representation for module `\$_ALDFFE_NPN_'.
Generating RTLIL representation for module `\$_ALDFFE_NPP_'.
Generating RTLIL representation for module `\$_ALDFFE_PPN_'.
Generating RTLIL representation for module `\$_ALDFFE_PPP_'.
Generating RTLIL representation for module `\FD1P3AX'.
Generating RTLIL representation for module `\FD1P3AY'.
Generating RTLIL representation for module `\FD1P3BX'.
Generating RTLIL representation for module `\FD1P3DX'.
Generating RTLIL representation for module `\FD1P3IX'.
Generating RTLIL representation for module `\FD1P3JX'.
Generating RTLIL representation for module `\FD1S3AX'.
Generating RTLIL representation for module `\FD1S3AY'.
Generating RTLIL representation for module `\FD1S3BX'.
Generating RTLIL representation for module `\FD1S3DX'.
Generating RTLIL representation for module `\FD1S3IX'.
Generating RTLIL representation for module `\FD1S3JX'.
Generating RTLIL representation for module `\IFS1P3BX'.
Generating RTLIL representation for module `\IFS1P3DX'.
Generating RTLIL representation for module `\IFS1P3IX'.
Generating RTLIL representation for module `\IFS1P3JX'.
Generating RTLIL representation for module `\OFS1P3BX'.
Generating RTLIL representation for module `\OFS1P3DX'.
Generating RTLIL representation for module `\OFS1P3IX'.
Generating RTLIL representation for module `\OFS1P3JX'.
Generating RTLIL representation for module `\IB'.
Generating RTLIL representation for module `\IBPU'.
Generating RTLIL representation for module `\IBPD'.
Generating RTLIL representation for module `\OB'.
Generating RTLIL representation for module `\OBZ'.
Generating RTLIL representation for module `\OBZPU'.
Generating RTLIL representation for module `\OBZPD'.
Generating RTLIL representation for module `\OBCO'.
Generating RTLIL representation for module `\BB'.
Generating RTLIL representation for module `\BBPU'.
Generating RTLIL representation for module `\BBPD'.
Generating RTLIL representation for module `\ILVDS'.
Generating RTLIL representation for module `\OLVDS'.
Successfully finished Verilog frontend.

7.38.2. Continuing TECHMAP pass.
Using template $paramod\$_DFFE_NP_\_TECHMAP_WIREINIT_Q_=1'x for cells of type $_DFFE_NP_.
Using template \$_SDFFE_NP0N_ for cells of type $_SDFFE_NP0N_.
Using template \$_SDFF_PP0_ for cells of type $_SDFF_PP0_.
Using template \$_SDFFE_NP0P_ for cells of type $_SDFFE_NP0P_.
No more expansions possible.
<suppressed ~165 debug messages>

7.39. Executing OPT_EXPR pass (perform const folding).
Optimizing module mult_32.

7.40. Executing SIMPLEMAP pass (map simple cells to gate primitives).

7.41. Executing LATTICE_GSR pass (implement FF init values).
Handling GSR in mult_32.

7.42. Executing ATTRMVCP pass (move or copy attributes).

7.43. Executing OPT_CLEAN pass (remove unused cells and wires).
Finding unused cells or wires in module \mult_32..
Removed 0 unused cells and 514 unused wires.
<suppressed ~1 debug messages>

7.44. Executing TECHMAP pass (map to technology primitives).

7.44.1. Executing Verilog-2005 frontend: /usr/local/bin/../share/yosys/lattice/latches_map.v
Parsing Verilog input from `/usr/local/bin/../share/yosys/lattice/latches_map.v' to AST representation.
verilog frontend filename /usr/local/bin/../share/yosys/lattice/latches_map.v
Generating RTLIL representation for module `\$_DLATCH_N_'.
Generating RTLIL representation for module `\$_DLATCH_P_'.
Successfully finished Verilog frontend.

7.44.2. Continuing TECHMAP pass.
No more expansions possible.
<suppressed ~4 debug messages>

7.45. Executing ABC9 pass.

7.45.1. Executing ABC9_OPS pass (helper functions for ABC9).

7.45.2. Executing ABC9_OPS pass (helper functions for ABC9).

7.45.3. Executing SCC pass (detecting logic loops).
Found 0 SCCs in module mult_32.
Found 0 SCCs.

7.45.4. Executing ABC9_OPS pass (helper functions for ABC9).

7.45.5. Executing TECHMAP pass (map to technology primitives).

7.45.5.1. Executing Verilog-2005 frontend: /usr/local/bin/../share/yosys/techmap.v
Parsing Verilog input from `/usr/local/bin/../share/yosys/techmap.v' to AST representation.
verilog frontend filename /usr/local/bin/../share/yosys/techmap.v
Generating RTLIL representation for module `\_90_simplemap_bool_ops'.
Generating RTLIL representation for module `\_90_simplemap_reduce_ops'.
Generating RTLIL representation for module `\_90_simplemap_logic_ops'.
Generating RTLIL representation for module `\_90_simplemap_compare_ops'.
Generating RTLIL representation for module `\_90_simplemap_various'.
Generating RTLIL representation for module `\_90_simplemap_registers'.
Generating RTLIL representation for module `\_90_shift_ops_shr_shl_sshl_sshr'.
Generating RTLIL representation for module `\_90_shift_shiftx'.
Generating RTLIL representation for module `\_90_fa'.
Generating RTLIL representation for module `\_90_lcu_brent_kung'.
Generating RTLIL representation for module `\_90_alu'.
Generating RTLIL representation for module `\_90_macc'.
Generating RTLIL representation for module `\_90_alumacc'.
Generating RTLIL representation for module `\$__div_mod_u'.
Generating RTLIL representation for module `\$__div_mod_trunc'.
Generating RTLIL representation for module `\_90_div'.
Generating RTLIL representation for module `\_90_mod'.
Generating RTLIL representation for module `\$__div_mod_floor'.
Generating RTLIL representation for module `\_90_divfloor'.
Generating RTLIL representation for module `\_90_modfloor'.
Generating RTLIL representation for module `\_90_pow'.
Generating RTLIL representation for module `\_90_pmux'.
Generating RTLIL representation for module `\_90_demux'.
Generating RTLIL representation for module `\_90_lut'.
Generating RTLIL representation for module `\$connect'.
Generating RTLIL representation for module `\$input_port'.
Successfully finished Verilog frontend.

7.45.5.2. Continuing TECHMAP pass.
No more expansions possible.
<suppressed ~166 debug messages>

7.45.6. Executing OPT pass (performing simple optimizations).

7.45.6.1. Executing OPT_EXPR pass (perform const folding).

7.45.6.2. Executing OPT_MERGE pass (detect identical cells).
Removed a total of 0 cells.

7.45.6.3. Executing OPT_MUXTREE pass (detect dead branches in mux trees).
Removed 0 multiplexer ports.

7.45.6.4. Executing OPT_REDUCE pass (consolidate $*mux and $reduce_* inputs).
Performed a total of 0 changes.

7.45.6.5. Executing OPT_MERGE pass (detect identical cells).
Removed a total of 0 cells.

7.45.6.6. Executing OPT_DFF pass (perform DFF optimizations).

7.45.6.7. Executing OPT_CLEAN pass (remove unused cells and wires).

7.45.6.8. Executing OPT_EXPR pass (perform const folding).

7.45.6.9. Finished fast OPT passes. (There is nothing left to do.)

7.45.7. Executing TECHMAP pass (map to technology primitives).

7.45.7.1. Executing Verilog-2005 frontend: /usr/local/bin/../share/yosys/abc9_map.v
Parsing Verilog input from `/usr/local/bin/../share/yosys/abc9_map.v' to AST representation.
verilog frontend filename /usr/local/bin/../share/yosys/abc9_map.v
Successfully finished Verilog frontend.

7.45.7.2. Continuing TECHMAP pass.
No more expansions possible.
<suppressed ~2 debug messages>

7.45.8. Executing Verilog-2005 frontend: /usr/local/bin/../share/yosys/abc9_model.v
Parsing Verilog input from `/usr/local/bin/../share/yosys/abc9_model.v' to AST representation.
verilog frontend filename /usr/local/bin/../share/yosys/abc9_model.v
Generating RTLIL representation for module `$__ABC9_DELAY'.
Generating RTLIL representation for module `$__ABC9_SCC_BREAKER'.
Generating RTLIL representation for module `$__DFF_N__$abc9_flop'.
Generating RTLIL representation for module `$__DFF_P__$abc9_flop'.
Successfully finished Verilog frontend.

7.45.9. Executing ABC9_OPS pass (helper functions for ABC9).
<suppressed ~2 debug messages>

7.45.10. Executing ABC9_OPS pass (helper functions for ABC9).

7.45.11. Executing ABC9_OPS pass (helper functions for ABC9).
<suppressed ~2 debug messages>

7.45.12. Executing TECHMAP pass (map to technology primitives).

7.45.12.1. Executing Verilog-2005 frontend: /usr/local/bin/../share/yosys/techmap.v
Parsing Verilog input from `/usr/local/bin/../share/yosys/techmap.v' to AST representation.
verilog frontend filename /usr/local/bin/../share/yosys/techmap.v
Generating RTLIL representation for module `\_90_simplemap_bool_ops'.
Generating RTLIL representation for module `\_90_simplemap_reduce_ops'.
Generating RTLIL representation for module `\_90_simplemap_logic_ops'.
Generating RTLIL representation for module `\_90_simplemap_compare_ops'.
Generating RTLIL representation for module `\_90_simplemap_various'.
Generating RTLIL representation for module `\_90_simplemap_registers'.
Generating RTLIL representation for module `\_90_shift_ops_shr_shl_sshl_sshr'.
Generating RTLIL representation for module `\_90_shift_shiftx'.
Generating RTLIL representation for module `\_90_fa'.
Generating RTLIL representation for module `\_90_lcu_brent_kung'.
Generating RTLIL representation for module `\_90_alu'.
Generating RTLIL representation for module `\_90_macc'.
Generating RTLIL representation for module `\_90_alumacc'.
Generating RTLIL representation for module `\$__div_mod_u'.
Generating RTLIL representation for module `\$__div_mod_trunc'.
Generating RTLIL representation for module `\_90_div'.
Generating RTLIL representation for module `\_90_mod'.
Generating RTLIL representation for module `\$__div_mod_floor'.
Generating RTLIL representation for module `\_90_divfloor'.
Generating RTLIL representation for module `\_90_modfloor'.
Generating RTLIL representation for module `\_90_pow'.
Generating RTLIL representation for module `\_90_pmux'.
Generating RTLIL representation for module `\_90_demux'.
Generating RTLIL representation for module `\_90_lut'.
Generating RTLIL representation for module `\$connect'.
Generating RTLIL representation for module `\$input_port'.
Successfully finished Verilog frontend.

7.45.12.2. Continuing TECHMAP pass.
Using template $paramod$838872d5a4bab89607f53482b205c0fd50d8b82e\CCU2C for cells of type $paramod$838872d5a4bab89607f53482b205c0fd50d8b82e\CCU2C.
Using extmapper simplemap for cells of type $or.
Using extmapper simplemap for cells of type $and.
Using extmapper simplemap for cells of type $not.
Using extmapper simplemap for cells of type $xor.
Using template $paramod\LUT2\INIT=4'1010 for cells of type LUT2.
Using template $paramod\LUT4\INIT=16'1001011010101010 for cells of type LUT4.
Using extmapper simplemap for cells of type $mux.
No more expansions possible.
<suppressed ~205 debug messages>

7.45.13. Executing OPT pass (performing simple optimizations).

7.45.13.1. Executing OPT_EXPR pass (perform const folding).
Optimizing module mult_32.
<suppressed ~18 debug messages>

7.45.13.2. Executing OPT_MERGE pass (detect identical cells).
Finding identical cells in module `\mult_32'.
<suppressed ~6 debug messages>
Removed a total of 2 cells.

7.45.13.3. Executing OPT_MUXTREE pass (detect dead branches in mux trees).
Running muxtree optimizer on module \mult_32..
  Creating internal representation of mux trees.
  No muxes found in this module.
Removed 0 multiplexer ports.

7.45.13.4. Executing OPT_REDUCE pass (consolidate $*mux and $reduce_* inputs).
  Optimizing cells in module \mult_32.
Performed a total of 0 changes.

7.45.13.5. Executing OPT_MERGE pass (detect identical cells).
Finding identical cells in module `\mult_32'.
Removed a total of 0 cells.

7.45.13.6. Executing OPT_DFF pass (perform DFF optimizations).

7.45.13.7. Executing OPT_CLEAN pass (remove unused cells and wires).
Finding unused cells or wires in module \mult_32..
Removed 0 unused cells and 55 unused wires.
<suppressed ~1 debug messages>

7.45.13.8. Executing OPT_EXPR pass (perform const folding).
Optimizing module mult_32.

7.45.13.9. Rerunning OPT passes. (Maybe there is more to do..)

7.45.13.10. Executing OPT_MUXTREE pass (detect dead branches in mux trees).
Running muxtree optimizer on module \mult_32..
  Creating internal representation of mux trees.
  No muxes found in this module.
Removed 0 multiplexer ports.

7.45.13.11. Executing OPT_REDUCE pass (consolidate $*mux and $reduce_* inputs).
  Optimizing cells in module \mult_32.
Performed a total of 0 changes.

7.45.13.12. Executing OPT_MERGE pass (detect identical cells).
Finding identical cells in module `\mult_32'.
Removed a total of 0 cells.

7.45.13.13. Executing OPT_DFF pass (perform DFF optimizations).

7.45.13.14. Executing OPT_CLEAN pass (remove unused cells and wires).
Finding unused cells or wires in module \mult_32..

7.45.13.15. Executing OPT_EXPR pass (perform const folding).
Optimizing module mult_32.

7.45.13.16. Finished fast OPT passes. (There is nothing left to do.)

7.45.14. Executing AIGMAP pass (map logic to AIG).
Module mult_32: replaced 18 cells with 120 new cells, skipped 39 cells.
  replaced 3 cell types:
      14 $_MUX_
       2 $_OR_
       2 $_XOR_
  not replaced 3 cell types:
       4 $_AND_
       4 $_NOT_
      31 $specify2

7.45.15. Executing AIGMAP pass (map logic to AIG).
Module mult_32: replaced 67 cells with 367 new cells, skipped 119 cells.
  replaced 2 cell types:
      33 $_MUX_
      34 $_OR_
  not replaced 5 cell types:
       5 $_AND_
      10 $_NOT_
       5 $scopeinfo
      83 TRELLIS_FF
      16 $paramod$838872d5a4bab89607f53482b205c0fd50d8b82e\CCU2C

7.45.15.1. Executing ABC9_OPS pass (helper functions for ABC9).

7.45.15.2. Executing ABC9_OPS pass (helper functions for ABC9).

7.45.15.3. Executing XAIGER backend.
<suppressed ~11 debug messages>
Extracted 138 AND gates and 650 wires from module `mult_32' to a netlist network with 118 inputs and 119 outputs.

7.45.15.4. Executing ABC9_EXE pass (technology mapping using ABC9).

7.45.15.5. Executing ABC9.
Running ABC command: "<yosys-exe-dir>/yosys-abc" -s -f <abc-temp-dir>/abc.script 2>&1
ABC: ABC command line: "source <abc-temp-dir>/abc.script".
ABC: 
ABC: + read_lut <abc-temp-dir>/input.lut 
ABC: + read_box <abc-temp-dir>/input.box 
ABC: + &read <abc-temp-dir>/input.xaig 
ABC: + &ps 
ABC: <abc-temp-dir>/input : i/o =    118/    119  and =     132  lev =    7 (0.83)  mem = 0.01 MB  box = 16  bb = 0
ABC: + &scorr 
ABC: Warning: The network is combinational.
ABC: + &sweep 
ABC: + &dc2 
ABC: + &dch -f -r 
ABC: + &ps 
ABC: <abc-temp-dir>/input : i/o =    118/    119  and =     234  lev =    6 (0.67)  mem = 0.01 MB  ch =   40  box = 16  bb = 0
ABC: cst =       0  cls =     39  lit =      40  unused =     321  proof =     0
ABC: + &if -W 300 -v 
ABC: K = 7. Memory (bytes): Truth =    0. Cut =   64. Obj =  148. Set =  672. CutMin = no
ABC: Node =     234.  Ch =    39.  Total mem =    0.10 MB. Peak cut mem =    0.01 MB.
ABC: P:  Del = 1598.00.  Ar =      91.0.  Edge =      202.  Cut =     5955.  T =     0.00 sec
ABC: P:  Del = 1598.00.  Ar =      91.0.  Edge =      202.  Cut =     5715.  T =     0.00 sec
ABC: P:  Del = 1598.00.  Ar =      61.0.  Edge =      142.  Cut =     6044.  T =     0.00 sec
ABC: F:  Del = 1581.00.  Ar =      48.0.  Edge =      143.  Cut =     3152.  T =     0.00 sec
ABC: A:  Del = 1581.00.  Ar =      46.0.  Edge =      136.  Cut =     1581.  T =     0.00 sec
ABC: A:  Del = 1581.00.  Ar =      46.0.  Edge =      136.  Cut =     1052.  T =     0.00 sec
ABC: Total time =     0.00 sec
ABC: + &write -n <abc-temp-dir>/output.aig 
ABC: + &mfs 
ABC: The network is not changed by "&mfs".
ABC: + &ps -l 
ABC: <abc-temp-dir>/input : i/o =    118/    119  and =     130  lev =    6 (0.67)  mem = 0.01 MB  box = 16  bb = 0
ABC: Mapping (K=5)  :  lut =     43  edge =     136  lev =    3 (0.29)  levB =   16  mem = 0.00 MB
ABC: LUT = 43 : 2=3 7.0 %  3=33 76.7 %  4=4 9.3 %  5=3 7.0 %  Ave = 3.16
ABC: + &write -n <abc-temp-dir>/output.aig 
ABC: + time 
ABC: elapse: 0.01 seconds, total: 0.01 seconds

7.45.15.6. Executing AIGER frontend.
<suppressed ~486 debug messages>
Removed 174 unused cells and 653 unused wires.

7.45.15.7. Executing ABC9_OPS pass (helper functions for ABC9).
ABC RESULTS:              $lut cells:       43
ABC RESULTS:   $paramod$838872d5a4bab89607f53482b205c0fd50d8b82e\CCU2C cells:       16
ABC RESULTS:           input signals:        8
ABC RESULTS:          output signals:       12
Removing temp directory.

7.45.16. Executing TECHMAP pass (map to technology primitives).

7.45.16.1. Executing Verilog-2005 frontend: /usr/local/bin/../share/yosys/abc9_unmap.v
Parsing Verilog input from `/usr/local/bin/../share/yosys/abc9_unmap.v' to AST representation.
verilog frontend filename /usr/local/bin/../share/yosys/abc9_unmap.v
Generating RTLIL representation for module `\$__DFF_x__$abc9_flop'.
Generating RTLIL representation for module `\$__ABC9_SCC_BREAKER'.
Successfully finished Verilog frontend.

7.45.16.2. Continuing TECHMAP pass.
Using template $paramod$838872d5a4bab89607f53482b205c0fd50d8b82e\CCU2C for cells of type $paramod$838872d5a4bab89607f53482b205c0fd50d8b82e\CCU2C.
No more expansions possible.
<suppressed ~22 debug messages>
Removed 33 unused cells and 780 unused wires.

7.46. Executing TECHMAP pass (map to technology primitives).

7.46.1. Executing Verilog-2005 frontend: /usr/local/bin/../share/yosys/lattice/cells_map_trellis.v
Parsing Verilog input from `/usr/local/bin/../share/yosys/lattice/cells_map_trellis.v' to AST representation.
verilog frontend filename /usr/local/bin/../share/yosys/lattice/cells_map_trellis.v
Generating RTLIL representation for module `\$_DFF_N_'.
Generating RTLIL representation for module `\$_DFF_P_'.
Generating RTLIL representation for module `\$_DFFE_NN_'.
Generating RTLIL representation for module `\$_DFFE_PN_'.
Generating RTLIL representation for module `\$_DFFE_NP_'.
Generating RTLIL representation for module `\$_DFFE_PP_'.
Generating RTLIL representation for module `\$_DFF_NP0_'.
Generating RTLIL representation for module `\$_DFF_NP1_'.
Generating RTLIL representation for module `\$_DFF_PP0_'.
Generating RTLIL representation for module `\$_DFF_PP1_'.
Generating RTLIL representation for module `\$_SDFF_NP0_'.
Generating RTLIL representation for module `\$_SDFF_NP1_'.
Generating RTLIL representation for module `\$_SDFF_PP0_'.
Generating RTLIL representation for module `\$_SDFF_PP1_'.
Generating RTLIL representation for module `\$_DFFE_NP0P_'.
Generating RTLIL representation for module `\$_DFFE_NP1P_'.
Generating RTLIL representation for module `\$_DFFE_PP0P_'.
Generating RTLIL representation for module `\$_DFFE_PP1P_'.
Generating RTLIL representation for module `\$_DFFE_NP0N_'.
Generating RTLIL representation for module `\$_DFFE_NP1N_'.
Generating RTLIL representation for module `\$_DFFE_PP0N_'.
Generating RTLIL representation for module `\$_DFFE_PP1N_'.
Generating RTLIL representation for module `\$_SDFFE_NP0P_'.
Generating RTLIL representation for module `\$_SDFFE_NP1P_'.
Generating RTLIL representation for module `\$_SDFFE_PP0P_'.
Generating RTLIL representation for module `\$_SDFFE_PP1P_'.
Generating RTLIL representation for module `\$_SDFFE_NP0N_'.
Generating RTLIL representation for module `\$_SDFFE_NP1N_'.
Generating RTLIL representation for module `\$_SDFFE_PP0N_'.
Generating RTLIL representation for module `\$_SDFFE_PP1N_'.
Generating RTLIL representation for module `\$_ALDFF_NP_'.
Generating RTLIL representation for module `\$_ALDFF_PP_'.
Generating RTLIL representation for module `\$_ALDFFE_NPN_'.
Generating RTLIL representation for module `\$_ALDFFE_NPP_'.
Generating RTLIL representation for module `\$_ALDFFE_PPN_'.
Generating RTLIL representation for module `\$_ALDFFE_PPP_'.
Generating RTLIL representation for module `\FD1P3AX'.
Generating RTLIL representation for module `\FD1P3AY'.
Generating RTLIL representation for module `\FD1P3BX'.
Generating RTLIL representation for module `\FD1P3DX'.
Generating RTLIL representation for module `\FD1P3IX'.
Generating RTLIL representation for module `\FD1P3JX'.
Generating RTLIL representation for module `\FD1S3AX'.
Generating RTLIL representation for module `\FD1S3AY'.
Generating RTLIL representation for module `\FD1S3BX'.
Generating RTLIL representation for module `\FD1S3DX'.
Generating RTLIL representation for module `\FD1S3IX'.
Generating RTLIL representation for module `\FD1S3JX'.
Generating RTLIL representation for module `\IFS1P3BX'.
Generating RTLIL representation for module `\IFS1P3DX'.
Generating RTLIL representation for module `\IFS1P3IX'.
Generating RTLIL representation for module `\IFS1P3JX'.
Generating RTLIL representation for module `\OFS1P3BX'.
Generating RTLIL representation for module `\OFS1P3DX'.
Generating RTLIL representation for module `\OFS1P3IX'.
Generating RTLIL representation for module `\OFS1P3JX'.
Generating RTLIL representation for module `\IB'.
Generating RTLIL representation for module `\IBPU'.
Generating RTLIL representation for module `\IBPD'.
Generating RTLIL representation for module `\OB'.
Generating RTLIL representation for module `\OBZ'.
Generating RTLIL representation for module `\OBZPU'.
Generating RTLIL representation for module `\OBZPD'.
Generating RTLIL representation for module `\OBCO'.
Generating RTLIL representation for module `\BB'.
Generating RTLIL representation for module `\BBPU'.
Generating RTLIL representation for module `\BBPD'.
Generating RTLIL representation for module `\ILVDS'.
Generating RTLIL representation for module `\OLVDS'.
Generating RTLIL representation for module `\$lut'.
Successfully finished Verilog frontend.

7.46.2. Continuing TECHMAP pass.
Using template $paramod\$lut\WIDTH=32'00000000000000000000000000000011\LUT=8'11111011 for cells of type $lut.
Using template $paramod$658b9ed803f0d3d335616d3858b53e0a2522f1e8\$lut for cells of type $lut.
Using template $paramod$eba7de026ff587370e320127e266317dae097a89\$lut for cells of type $lut.
Using template $paramod$36109010974ffec4db93bf0a83fe86682ffdd72d\$lut for cells of type $lut.
Using template $paramod$589e54b2b7868d240e24412b4971963381bc7620\$lut for cells of type $lut.
Using template $paramod\$lut\WIDTH=32'00000000000000000000000000000011\LUT=8'10101001 for cells of type $lut.
Using template $paramod\$lut\WIDTH=32'00000000000000000000000000000011\LUT=8'10101100 for cells of type $lut.
Using template $paramod\$lut\WIDTH=32'00000000000000000000000000000010\LUT=4'0100 for cells of type $lut.
Using template $paramod\$lut\WIDTH=32'00000000000000000000000000000010\LUT=4'0111 for cells of type $lut.
Using template $paramod\$lut\WIDTH=32'00000000000000000000000000000010\LUT=4'1011 for cells of type $lut.
Using template $paramod\$lut\WIDTH=32'00000000000000000000000000000011\LUT=8'00000100 for cells of type $lut.
Using template $paramod\$lut\WIDTH=32'00000000000000000000000000000011\LUT=8'00000010 for cells of type $lut.
Using template $paramod$30305e55a780880b9c824fe3509a4d981acb0f2b\$lut for cells of type $lut.
No more expansions possible.
<suppressed ~285 debug messages>

7.47. Executing OPT_LUT_INS pass (discard unused LUT inputs).
Optimizing LUTs in mult_32.
  Optimizing lut $abc$2493$lut$aiger2492$189.genblk1.genblk1.genblk1.genblk1.genblk1.lut1 (4 -> 3)
  Optimizing lut $abc$2493$lut$aiger2492$175.genblk1.genblk1.genblk1.genblk1.genblk1.lut0 (4 -> 0)
  Optimizing lut $abc$2493$lut$aiger2492$189.genblk1.genblk1.genblk1.genblk1.genblk1.lut0 (4 -> 3)
  Optimizing lut $auto$abc9_ops.cc:1552:reintegrate$2527.genblk1.genblk1.genblk1.genblk1.genblk1.lut0 (4 -> 2)
Removed 0 unused cells and 92 unused wires.

7.48. Executing AUTONAME pass.
Renamed 181 objects in module mult_32 (28 iterations).
<suppressed ~181 debug messages>

7.49. Executing HIERARCHY pass (managing design hierarchy).
Attribute `top' found on module `mult_32'. Setting top module to mult_32.

7.49.1. Analyzing design hierarchy..
Top module:  \mult_32

7.49.2. Analyzing design hierarchy..
Top module:  \mult_32
Removed 0 unused modules.

7.50. Printing statistics.

=== mult_32 ===

        +----------Local Count, excluding submodules.
        | 
       57 wires
      390 wire bits
       57 public wires
      390 public wire bits
        7 ports
       68 port bits
        5 cells
        5   $scopeinfo
      149 submodules
       16   CCU2C
       47   LUT4
        3   PFUMX
       83   TRELLIS_FF

=== design hierarchy ===

        +----------Count including submodules.
        | 
        5 mult_32

        +----------Count including submodules.
        | 
       57 wires
      390 wire bits
       57 public wires
      390 public wire bits
        7 ports
       68 port bits
        - memories
        - memory bits
        - processes
        5 cells
        5   $scopeinfo
      149 submodules
       16   CCU2C
       47   LUT4
        3   PFUMX
       83   TRELLIS_FF

7.51. Executing CHECK pass (checking for obvious problems).
Checking module mult_32...
Found and reported 0 problems.

7.52. Executing JSON backend.

8. Executing Verilog backend.

8.1. Executing BMUXMAP pass.

8.2. Executing DEMUXMAP pass.
Dumping module `\mult_32'.

End of script. Logfile hash: 491279d1ef, CPU: user 0.54s system 0.01s, MEM: 31.32 MB peak
Yosys 0.59+62 (git sha1 9aa2dde7e, g++ 14.2.0-19ubuntu2 -fPIC -O3)
Time spent: 50% 31x read_verilog (0 sec), 9% 1x abc9_exe (0 sec), ...
