
70. Printing statistics.

=== femto ===

   Number of wires:               9814
   Number of wire bits:           9814
   Number of public wires:        1684
   Number of public wire bits:    1684
   Number of ports:                 13
   Number of port bits:             13
   Number of memories:               0
   Number of memory bits:            0
   Number of processes:              0
   Number of cells:               9809
     sky130_fd_sc_hd__a2111o_1       1
     sky130_fd_sc_hd__a2111oi_0      1
     sky130_fd_sc_hd__a211o_1        3
     sky130_fd_sc_hd__a211oi_1      20
     sky130_fd_sc_hd__a211oi_2       1
     sky130_fd_sc_hd__a21boi_0      14
     sky130_fd_sc_hd__a21o_1        24
     sky130_fd_sc_hd__a21oi_1      527
     sky130_fd_sc_hd__a21oi_2       22
     sky130_fd_sc_hd__a221o_1        5
     sky130_fd_sc_hd__a221oi_1      27
     sky130_fd_sc_hd__a222oi_1      26
     sky130_fd_sc_hd__a22o_1        14
     sky130_fd_sc_hd__a22oi_1      108
     sky130_fd_sc_hd__a2bb2oi_1      1
     sky130_fd_sc_hd__a311oi_1       4
     sky130_fd_sc_hd__a31o_2         3
     sky130_fd_sc_hd__a31oi_1       65
     sky130_fd_sc_hd__a32o_1         7
     sky130_fd_sc_hd__a32oi_1       15
     sky130_fd_sc_hd__and2_0         2
     sky130_fd_sc_hd__and2_1         1
     sky130_fd_sc_hd__and3_1        14
     sky130_fd_sc_hd__buf_1          3
     sky130_fd_sc_hd__buf_2        136
     sky130_fd_sc_hd__buf_4          5
     sky130_fd_sc_hd__buf_6          9
     sky130_fd_sc_hd__clkbuf_1     263
     sky130_fd_sc_hd__clkbuf_4       2
     sky130_fd_sc_hd__conb_1         8
     sky130_fd_sc_hd__dfxtp_1      471
     sky130_fd_sc_hd__dlxtn_1        2
     sky130_fd_sc_hd__dlygate4sd1_1      2
     sky130_fd_sc_hd__dlygate4sd3_1      4
     sky130_fd_sc_hd__edfxtp_1    1144
     sky130_fd_sc_hd__inv_1         50
     sky130_fd_sc_hd__inv_2       1258
     sky130_fd_sc_hd__lpflow_clkbufkapwr_1    451
     sky130_fd_sc_hd__lpflow_clkbufkapwr_4      2
     sky130_fd_sc_hd__lpflow_clkinvkapwr_1      6
     sky130_fd_sc_hd__lpflow_inputiso0n_1     42
     sky130_fd_sc_hd__lpflow_inputiso0p_1      2
     sky130_fd_sc_hd__lpflow_isobufsrc_1     97
     sky130_fd_sc_hd__maj3_1        25
     sky130_fd_sc_hd__maj3_2        13
     sky130_fd_sc_hd__mux2_2        33
     sky130_fd_sc_hd__mux2i_1      116
     sky130_fd_sc_hd__nand2_1      383
     sky130_fd_sc_hd__nand2b_1      39
     sky130_fd_sc_hd__nand3_1       63
     sky130_fd_sc_hd__nand3b_1       8
     sky130_fd_sc_hd__nand4_1       15
     sky130_fd_sc_hd__nand4b_1       2
     sky130_fd_sc_hd__nor2_1      1704
     sky130_fd_sc_hd__nor2b_1        8
     sky130_fd_sc_hd__nor3_1        49
     sky130_fd_sc_hd__nor3b_1        5
     sky130_fd_sc_hd__nor4_1        13
     sky130_fd_sc_hd__nor4b_1        3
     sky130_fd_sc_hd__nor4b_4        1
     sky130_fd_sc_hd__nor4bb_1       2
     sky130_fd_sc_hd__o211ai_1      69
     sky130_fd_sc_hd__o21a_1        18
     sky130_fd_sc_hd__o21ai_0     1502
     sky130_fd_sc_hd__o21ai_1       51
     sky130_fd_sc_hd__o21ba_2        1
     sky130_fd_sc_hd__o21bai_1       3
     sky130_fd_sc_hd__o221a_2        5
     sky130_fd_sc_hd__o221ai_1     156
     sky130_fd_sc_hd__o22a_1         1
     sky130_fd_sc_hd__o22ai_1      321
     sky130_fd_sc_hd__o311a_1        5
     sky130_fd_sc_hd__o311ai_0       4
     sky130_fd_sc_hd__o311ai_1      13
     sky130_fd_sc_hd__o311ai_2       1
     sky130_fd_sc_hd__o31a_1         5
     sky130_fd_sc_hd__o31ai_1       15
     sky130_fd_sc_hd__o31ai_2        1
     sky130_fd_sc_hd__o32ai_1        1
     sky130_fd_sc_hd__o41ai_1        2
     sky130_fd_sc_hd__or2_2         24
     sky130_fd_sc_hd__or2b_1        16
     sky130_fd_sc_hd__or3_1         21
     sky130_fd_sc_hd__or3b_2         3
     sky130_fd_sc_hd__or4_1          7
     sky130_fd_sc_hd__xnor2_1      129
     sky130_fd_sc_hd__xnor2_2        1
     sky130_fd_sc_hd__xnor3_1        1
     sky130_fd_sc_hd__xor2_1        89

   Area for cell type \sky130_fd_sc_hd__a2111o_1 is unknown!
   Area for cell type \sky130_fd_sc_hd__a2111oi_0 is unknown!
   Area for cell type \sky130_fd_sc_hd__a211o_1 is unknown!
   Area for cell type \sky130_fd_sc_hd__a211oi_1 is unknown!
   Area for cell type \sky130_fd_sc_hd__a21boi_0 is unknown!
   Area for cell type \sky130_fd_sc_hd__a21o_1 is unknown!
   Area for cell type \sky130_fd_sc_hd__a21oi_1 is unknown!
   Area for cell type \sky130_fd_sc_hd__a221o_1 is unknown!
   Area for cell type \sky130_fd_sc_hd__a221oi_1 is unknown!
   Area for cell type \sky130_fd_sc_hd__a222oi_1 is unknown!
   Area for cell type \sky130_fd_sc_hd__a22o_1 is unknown!
   Area for cell type \sky130_fd_sc_hd__a22oi_1 is unknown!
   Area for cell type \sky130_fd_sc_hd__a2bb2oi_1 is unknown!
   Area for cell type \sky130_fd_sc_hd__a311oi_1 is unknown!
   Area for cell type \sky130_fd_sc_hd__a31oi_1 is unknown!
   Area for cell type \sky130_fd_sc_hd__a32o_1 is unknown!
   Area for cell type \sky130_fd_sc_hd__a32oi_1 is unknown!
   Area for cell type \sky130_fd_sc_hd__and2_0 is unknown!
   Area for cell type \sky130_fd_sc_hd__and2_1 is unknown!
   Area for cell type \sky130_fd_sc_hd__and3_1 is unknown!
   Area for cell type \sky130_fd_sc_hd__clkbuf_1 is unknown!
   Area for cell type \sky130_fd_sc_hd__clkbuf_4 is unknown!
   Area for cell type \sky130_fd_sc_hd__dfxtp_1 is unknown!
   Area for cell type \sky130_fd_sc_hd__dlygate4sd1_1 is unknown!
   Area for cell type \sky130_fd_sc_hd__dlygate4sd3_1 is unknown!
   Area for cell type \sky130_fd_sc_hd__edfxtp_1 is unknown!
   Area for cell type \sky130_fd_sc_hd__inv_1 is unknown!
   Area for cell type \sky130_fd_sc_hd__lpflow_clkbufkapwr_1 is unknown!
   Area for cell type \sky130_fd_sc_hd__lpflow_clkbufkapwr_4 is unknown!
   Area for cell type \sky130_fd_sc_hd__lpflow_clkinvkapwr_1 is unknown!
   Area for cell type \sky130_fd_sc_hd__lpflow_inputiso0n_1 is unknown!
   Area for cell type \sky130_fd_sc_hd__lpflow_inputiso0p_1 is unknown!
   Area for cell type \sky130_fd_sc_hd__lpflow_isobufsrc_1 is unknown!
   Area for cell type \sky130_fd_sc_hd__maj3_1 is unknown!
   Area for cell type \sky130_fd_sc_hd__maj3_2 is unknown!
   Area for cell type \sky130_fd_sc_hd__mux2i_1 is unknown!
   Area for cell type \sky130_fd_sc_hd__nand2_1 is unknown!
   Area for cell type \sky130_fd_sc_hd__nand2b_1 is unknown!
   Area for cell type \sky130_fd_sc_hd__nand3_1 is unknown!
   Area for cell type \sky130_fd_sc_hd__nand3b_1 is unknown!
   Area for cell type \sky130_fd_sc_hd__nand4_1 is unknown!
   Area for cell type \sky130_fd_sc_hd__nand4b_1 is unknown!
   Area for cell type \sky130_fd_sc_hd__nor2_1 is unknown!
   Area for cell type \sky130_fd_sc_hd__nor2b_1 is unknown!
   Area for cell type \sky130_fd_sc_hd__nor3_1 is unknown!
   Area for cell type \sky130_fd_sc_hd__nor3b_1 is unknown!
   Area for cell type \sky130_fd_sc_hd__nor4_1 is unknown!
   Area for cell type \sky130_fd_sc_hd__nor4b_1 is unknown!
   Area for cell type \sky130_fd_sc_hd__nor4bb_1 is unknown!
   Area for cell type \sky130_fd_sc_hd__o211ai_1 is unknown!
   Area for cell type \sky130_fd_sc_hd__o21a_1 is unknown!
   Area for cell type \sky130_fd_sc_hd__o21ai_0 is unknown!
   Area for cell type \sky130_fd_sc_hd__o21ai_1 is unknown!
   Area for cell type \sky130_fd_sc_hd__o21bai_1 is unknown!
   Area for cell type \sky130_fd_sc_hd__o221ai_1 is unknown!
   Area for cell type \sky130_fd_sc_hd__o22a_1 is unknown!
   Area for cell type \sky130_fd_sc_hd__o22ai_1 is unknown!
   Area for cell type \sky130_fd_sc_hd__o311a_1 is unknown!
   Area for cell type \sky130_fd_sc_hd__o311ai_0 is unknown!
   Area for cell type \sky130_fd_sc_hd__o311ai_1 is unknown!
   Area for cell type \sky130_fd_sc_hd__o31a_1 is unknown!
   Area for cell type \sky130_fd_sc_hd__o31ai_1 is unknown!
   Area for cell type \sky130_fd_sc_hd__o32ai_1 is unknown!
   Area for cell type \sky130_fd_sc_hd__o41ai_1 is unknown!
   Area for cell type \sky130_fd_sc_hd__or2b_1 is unknown!
   Area for cell type \sky130_fd_sc_hd__or3_1 is unknown!
   Area for cell type \sky130_fd_sc_hd__or4_1 is unknown!
   Area for cell type \sky130_fd_sc_hd__xnor2_1 is unknown!
   Area for cell type \sky130_fd_sc_hd__xnor3_1 is unknown!
   Area for cell type \sky130_fd_sc_hd__xor2_1 is unknown!

   Chip area for module '\femto': 6527.510400
     of which used for sequential elements: 0.000000 (0.00%)

