
70. Printing statistics.

=== femto ===

   Number of wires:               8085
   Number of wire bits:           8085
   Number of public wires:        1512
   Number of public wire bits:    1512
   Number of ports:                 13
   Number of port bits:             13
   Number of memories:               0
   Number of memory bits:            0
   Number of processes:              0
   Number of cells:               8080
     sky130_fd_sc_hd__a2111o_1       1
     sky130_fd_sc_hd__a2111oi_0      2
     sky130_fd_sc_hd__a211o_1        3
     sky130_fd_sc_hd__a211oi_1      24
     sky130_fd_sc_hd__a21bo_2        1
     sky130_fd_sc_hd__a21boi_0      11
     sky130_fd_sc_hd__a21o_1        17
     sky130_fd_sc_hd__a21oi_1      880
     sky130_fd_sc_hd__a21oi_2       22
     sky130_fd_sc_hd__a221o_1        8
     sky130_fd_sc_hd__a221oi_1      53
     sky130_fd_sc_hd__a222oi_1      37
     sky130_fd_sc_hd__a22o_1        25
     sky130_fd_sc_hd__a22oi_1       82
     sky130_fd_sc_hd__a311o_1        1
     sky130_fd_sc_hd__a311oi_1       3
     sky130_fd_sc_hd__a31o_2         4
     sky130_fd_sc_hd__a31oi_1       47
     sky130_fd_sc_hd__a32o_1         3
     sky130_fd_sc_hd__a32oi_1        8
     sky130_fd_sc_hd__and2_0         4
     sky130_fd_sc_hd__and3_1        16
     sky130_fd_sc_hd__and3b_1        1
     sky130_fd_sc_hd__and4_1         1
     sky130_fd_sc_hd__and4b_1        2
     sky130_fd_sc_hd__buf_1          8
     sky130_fd_sc_hd__buf_2        130
     sky130_fd_sc_hd__buf_4          3
     sky130_fd_sc_hd__buf_6          1
     sky130_fd_sc_hd__clkbuf_1     285
     sky130_fd_sc_hd__clkinv_1       1
     sky130_fd_sc_hd__conb_1         8
     sky130_fd_sc_hd__dfxtp_1      344
     sky130_fd_sc_hd__dlxtn_1        2
     sky130_fd_sc_hd__edfxtp_1    1099
     sky130_fd_sc_hd__inv_1         70
     sky130_fd_sc_hd__inv_2       1220
     sky130_fd_sc_hd__lpflow_clkbufkapwr_1    269
     sky130_fd_sc_hd__lpflow_inputiso0n_1     27
     sky130_fd_sc_hd__lpflow_isobufsrc_1     63
     sky130_fd_sc_hd__maj3_1        21
     sky130_fd_sc_hd__maj3_2        11
     sky130_fd_sc_hd__mux2_2         4
     sky130_fd_sc_hd__mux2i_1       63
     sky130_fd_sc_hd__mux4_2        25
     sky130_fd_sc_hd__nand2_1      611
     sky130_fd_sc_hd__nand2b_1      47
     sky130_fd_sc_hd__nand3_1      118
     sky130_fd_sc_hd__nand3b_1       6
     sky130_fd_sc_hd__nand4_1       10
     sky130_fd_sc_hd__nand4b_1       3
     sky130_fd_sc_hd__nor2_1       626
     sky130_fd_sc_hd__nor2b_1        9
     sky130_fd_sc_hd__nor3_1       147
     sky130_fd_sc_hd__nor3_2         1
     sky130_fd_sc_hd__nor3b_1        5
     sky130_fd_sc_hd__nor4_1        10
     sky130_fd_sc_hd__nor4b_1        1
     sky130_fd_sc_hd__nor4b_2        1
     sky130_fd_sc_hd__nor4bb_1       2
     sky130_fd_sc_hd__o2111ai_1     17
     sky130_fd_sc_hd__o211ai_1      34
     sky130_fd_sc_hd__o21a_1        10
     sky130_fd_sc_hd__o21ai_0      628
     sky130_fd_sc_hd__o21ai_1       55
     sky130_fd_sc_hd__o21ai_2        1
     sky130_fd_sc_hd__o21ba_2        2
     sky130_fd_sc_hd__o21bai_1       5
     sky130_fd_sc_hd__o221a_2        2
     sky130_fd_sc_hd__o221ai_1     187
     sky130_fd_sc_hd__o22ai_1      302
     sky130_fd_sc_hd__o311a_1        1
     sky130_fd_sc_hd__o311ai_0      45
     sky130_fd_sc_hd__o311ai_1       1
     sky130_fd_sc_hd__o31a_1         3
     sky130_fd_sc_hd__o31ai_1       22
     sky130_fd_sc_hd__o32ai_1        1
     sky130_fd_sc_hd__o41ai_1        3
     sky130_fd_sc_hd__or2_1          1
     sky130_fd_sc_hd__or2_2         20
     sky130_fd_sc_hd__or3_1         35
     sky130_fd_sc_hd__or3b_2         3
     sky130_fd_sc_hd__or4_1          4
     sky130_fd_sc_hd__or4b_2         1
     sky130_fd_sc_hd__xnor2_1      112
     sky130_fd_sc_hd__xor2_1        78

   Area for cell type \sky130_fd_sc_hd__a2111o_1 is unknown!
   Area for cell type \sky130_fd_sc_hd__a2111oi_0 is unknown!
   Area for cell type \sky130_fd_sc_hd__a211o_1 is unknown!
   Area for cell type \sky130_fd_sc_hd__a211oi_1 is unknown!
   Area for cell type \sky130_fd_sc_hd__a21boi_0 is unknown!
   Area for cell type \sky130_fd_sc_hd__a21o_1 is unknown!
   Area for cell type \sky130_fd_sc_hd__a21oi_1 is unknown!
   Area for cell type \sky130_fd_sc_hd__a221o_1 is unknown!
   Area for cell type \sky130_fd_sc_hd__a221oi_1 is unknown!
   Area for cell type \sky130_fd_sc_hd__a222oi_1 is unknown!
   Area for cell type \sky130_fd_sc_hd__a22o_1 is unknown!
   Area for cell type \sky130_fd_sc_hd__a22oi_1 is unknown!
   Area for cell type \sky130_fd_sc_hd__a311o_1 is unknown!
   Area for cell type \sky130_fd_sc_hd__a311oi_1 is unknown!
   Area for cell type \sky130_fd_sc_hd__a31oi_1 is unknown!
   Area for cell type \sky130_fd_sc_hd__a32o_1 is unknown!
   Area for cell type \sky130_fd_sc_hd__a32oi_1 is unknown!
   Area for cell type \sky130_fd_sc_hd__and2_0 is unknown!
   Area for cell type \sky130_fd_sc_hd__and3_1 is unknown!
   Area for cell type \sky130_fd_sc_hd__and3b_1 is unknown!
   Area for cell type \sky130_fd_sc_hd__and4_1 is unknown!
   Area for cell type \sky130_fd_sc_hd__and4b_1 is unknown!
   Area for cell type \sky130_fd_sc_hd__clkbuf_1 is unknown!
   Area for cell type \sky130_fd_sc_hd__clkinv_1 is unknown!
   Area for cell type \sky130_fd_sc_hd__dfxtp_1 is unknown!
   Area for cell type \sky130_fd_sc_hd__edfxtp_1 is unknown!
   Area for cell type \sky130_fd_sc_hd__inv_1 is unknown!
   Area for cell type \sky130_fd_sc_hd__lpflow_clkbufkapwr_1 is unknown!
   Area for cell type \sky130_fd_sc_hd__lpflow_inputiso0n_1 is unknown!
   Area for cell type \sky130_fd_sc_hd__lpflow_isobufsrc_1 is unknown!
   Area for cell type \sky130_fd_sc_hd__maj3_1 is unknown!
   Area for cell type \sky130_fd_sc_hd__maj3_2 is unknown!
   Area for cell type \sky130_fd_sc_hd__mux2i_1 is unknown!
   Area for cell type \sky130_fd_sc_hd__nand2_1 is unknown!
   Area for cell type \sky130_fd_sc_hd__nand2b_1 is unknown!
   Area for cell type \sky130_fd_sc_hd__nand3_1 is unknown!
   Area for cell type \sky130_fd_sc_hd__nand3b_1 is unknown!
   Area for cell type \sky130_fd_sc_hd__nand4_1 is unknown!
   Area for cell type \sky130_fd_sc_hd__nand4b_1 is unknown!
   Area for cell type \sky130_fd_sc_hd__nor2_1 is unknown!
   Area for cell type \sky130_fd_sc_hd__nor2b_1 is unknown!
   Area for cell type \sky130_fd_sc_hd__nor3_1 is unknown!
   Area for cell type \sky130_fd_sc_hd__nor3b_1 is unknown!
   Area for cell type \sky130_fd_sc_hd__nor4_1 is unknown!
   Area for cell type \sky130_fd_sc_hd__nor4b_1 is unknown!
   Area for cell type \sky130_fd_sc_hd__nor4bb_1 is unknown!
   Area for cell type \sky130_fd_sc_hd__o2111ai_1 is unknown!
   Area for cell type \sky130_fd_sc_hd__o211ai_1 is unknown!
   Area for cell type \sky130_fd_sc_hd__o21a_1 is unknown!
   Area for cell type \sky130_fd_sc_hd__o21ai_0 is unknown!
   Area for cell type \sky130_fd_sc_hd__o21ai_1 is unknown!
   Area for cell type \sky130_fd_sc_hd__o21bai_1 is unknown!
   Area for cell type \sky130_fd_sc_hd__o221ai_1 is unknown!
   Area for cell type \sky130_fd_sc_hd__o22ai_1 is unknown!
   Area for cell type \sky130_fd_sc_hd__o311a_1 is unknown!
   Area for cell type \sky130_fd_sc_hd__o311ai_0 is unknown!
   Area for cell type \sky130_fd_sc_hd__o311ai_1 is unknown!
   Area for cell type \sky130_fd_sc_hd__o31a_1 is unknown!
   Area for cell type \sky130_fd_sc_hd__o31ai_1 is unknown!
   Area for cell type \sky130_fd_sc_hd__o32ai_1 is unknown!
   Area for cell type \sky130_fd_sc_hd__o41ai_1 is unknown!
   Area for cell type \sky130_fd_sc_hd__or2_1 is unknown!
   Area for cell type \sky130_fd_sc_hd__or3_1 is unknown!
   Area for cell type \sky130_fd_sc_hd__or4_1 is unknown!
   Area for cell type \sky130_fd_sc_hd__xnor2_1 is unknown!
   Area for cell type \sky130_fd_sc_hd__xor2_1 is unknown!

   Chip area for module '\femto': 6437.424000
     of which used for sequential elements: 0.000000 (0.00%)

