
70. Printing statistics.

=== femto ===

   Number of wires:               9282
   Number of wire bits:           9282
   Number of public wires:        1653
   Number of public wire bits:    1653
   Number of ports:                 13
   Number of port bits:             13
   Number of memories:               0
   Number of memory bits:            0
   Number of processes:              0
   Number of cells:               9277
     sky130_fd_sc_hd__a2111o_1       2
     sky130_fd_sc_hd__a2111oi_0      6
     sky130_fd_sc_hd__a211o_1        1
     sky130_fd_sc_hd__a211oi_1      36
     sky130_fd_sc_hd__a21bo_2        2
     sky130_fd_sc_hd__a21boi_0      11
     sky130_fd_sc_hd__a21o_1        20
     sky130_fd_sc_hd__a21oi_1      714
     sky130_fd_sc_hd__a21oi_2       22
     sky130_fd_sc_hd__a221o_1        4
     sky130_fd_sc_hd__a221oi_1      53
     sky130_fd_sc_hd__a221oi_2       1
     sky130_fd_sc_hd__a222oi_1      30
     sky130_fd_sc_hd__a22o_1        31
     sky130_fd_sc_hd__a22oi_1      203
     sky130_fd_sc_hd__a2bb2oi_1      1
     sky130_fd_sc_hd__a311o_1        1
     sky130_fd_sc_hd__a311oi_1       5
     sky130_fd_sc_hd__a31o_2         4
     sky130_fd_sc_hd__a31oi_1       28
     sky130_fd_sc_hd__a31oi_2        1
     sky130_fd_sc_hd__a32o_1         4
     sky130_fd_sc_hd__a32oi_1        4
     sky130_fd_sc_hd__and2_0         7
     sky130_fd_sc_hd__and3_1        17
     sky130_fd_sc_hd__and4_1         1
     sky130_fd_sc_hd__buf_1         11
     sky130_fd_sc_hd__buf_2        131
     sky130_fd_sc_hd__buf_4          1
     sky130_fd_sc_hd__buf_6          1
     sky130_fd_sc_hd__clkbuf_1     308
     sky130_fd_sc_hd__conb_1         8
     sky130_fd_sc_hd__dfxtp_1      448
     sky130_fd_sc_hd__dlxtn_1        2
     sky130_fd_sc_hd__edfxtp_1    1136
     sky130_fd_sc_hd__inv_1         67
     sky130_fd_sc_hd__inv_2       1217
     sky130_fd_sc_hd__lpflow_clkbufkapwr_1    369
     sky130_fd_sc_hd__lpflow_clkinvkapwr_1      4
     sky130_fd_sc_hd__lpflow_inputiso0n_1     32
     sky130_fd_sc_hd__lpflow_isobufsrc_1     61
     sky130_fd_sc_hd__maj3_1        20
     sky130_fd_sc_hd__maj3_2        22
     sky130_fd_sc_hd__mux2_2        31
     sky130_fd_sc_hd__mux2i_1       50
     sky130_fd_sc_hd__nand2_1      627
     sky130_fd_sc_hd__nand2b_1      45
     sky130_fd_sc_hd__nand3_1       97
     sky130_fd_sc_hd__nand3b_1       9
     sky130_fd_sc_hd__nand4_1       16
     sky130_fd_sc_hd__nand4b_1       3
     sky130_fd_sc_hd__nor2_1      1128
     sky130_fd_sc_hd__nor2b_1       13
     sky130_fd_sc_hd__nor3_1       101
     sky130_fd_sc_hd__nor3b_1        4
     sky130_fd_sc_hd__nor4_1        14
     sky130_fd_sc_hd__nor4b_1        2
     sky130_fd_sc_hd__nor4b_4        1
     sky130_fd_sc_hd__nor4bb_1       3
     sky130_fd_sc_hd__o2111ai_1     20
     sky130_fd_sc_hd__o211ai_1      34
     sky130_fd_sc_hd__o21a_1        29
     sky130_fd_sc_hd__o21ai_0     1105
     sky130_fd_sc_hd__o21ai_1       50
     sky130_fd_sc_hd__o21bai_1       6
     sky130_fd_sc_hd__o221a_2        1
     sky130_fd_sc_hd__o221ai_1      55
     sky130_fd_sc_hd__o22a_1         3
     sky130_fd_sc_hd__o22ai_1      450
     sky130_fd_sc_hd__o311a_1        3
     sky130_fd_sc_hd__o311ai_0       5
     sky130_fd_sc_hd__o311ai_1       6
     sky130_fd_sc_hd__o311ai_2       1
     sky130_fd_sc_hd__o31a_1         5
     sky130_fd_sc_hd__o31ai_1       23
     sky130_fd_sc_hd__o32ai_1        5
     sky130_fd_sc_hd__o41ai_1        3
     sky130_fd_sc_hd__or2_1          1
     sky130_fd_sc_hd__or2_2         31
     sky130_fd_sc_hd__or3_1         33
     sky130_fd_sc_hd__or3b_2         3
     sky130_fd_sc_hd__or4_1          5
     sky130_fd_sc_hd__xnor2_1      134
     sky130_fd_sc_hd__xor2_1        75

   Area for cell type \sky130_fd_sc_hd__a2111o_1 is unknown!
   Area for cell type \sky130_fd_sc_hd__a2111oi_0 is unknown!
   Area for cell type \sky130_fd_sc_hd__a211o_1 is unknown!
   Area for cell type \sky130_fd_sc_hd__a211oi_1 is unknown!
   Area for cell type \sky130_fd_sc_hd__a21boi_0 is unknown!
   Area for cell type \sky130_fd_sc_hd__a21o_1 is unknown!
   Area for cell type \sky130_fd_sc_hd__a21oi_1 is unknown!
   Area for cell type \sky130_fd_sc_hd__a221o_1 is unknown!
   Area for cell type \sky130_fd_sc_hd__a221oi_1 is unknown!
   Area for cell type \sky130_fd_sc_hd__a222oi_1 is unknown!
   Area for cell type \sky130_fd_sc_hd__a22o_1 is unknown!
   Area for cell type \sky130_fd_sc_hd__a22oi_1 is unknown!
   Area for cell type \sky130_fd_sc_hd__a2bb2oi_1 is unknown!
   Area for cell type \sky130_fd_sc_hd__a311o_1 is unknown!
   Area for cell type \sky130_fd_sc_hd__a311oi_1 is unknown!
   Area for cell type \sky130_fd_sc_hd__a31oi_1 is unknown!
   Area for cell type \sky130_fd_sc_hd__a32o_1 is unknown!
   Area for cell type \sky130_fd_sc_hd__a32oi_1 is unknown!
   Area for cell type \sky130_fd_sc_hd__and2_0 is unknown!
   Area for cell type \sky130_fd_sc_hd__and3_1 is unknown!
   Area for cell type \sky130_fd_sc_hd__and4_1 is unknown!
   Area for cell type \sky130_fd_sc_hd__clkbuf_1 is unknown!
   Area for cell type \sky130_fd_sc_hd__dfxtp_1 is unknown!
   Area for cell type \sky130_fd_sc_hd__edfxtp_1 is unknown!
   Area for cell type \sky130_fd_sc_hd__inv_1 is unknown!
   Area for cell type \sky130_fd_sc_hd__lpflow_clkbufkapwr_1 is unknown!
   Area for cell type \sky130_fd_sc_hd__lpflow_clkinvkapwr_1 is unknown!
   Area for cell type \sky130_fd_sc_hd__lpflow_inputiso0n_1 is unknown!
   Area for cell type \sky130_fd_sc_hd__lpflow_isobufsrc_1 is unknown!
   Area for cell type \sky130_fd_sc_hd__maj3_1 is unknown!
   Area for cell type \sky130_fd_sc_hd__maj3_2 is unknown!
   Area for cell type \sky130_fd_sc_hd__mux2i_1 is unknown!
   Area for cell type \sky130_fd_sc_hd__nand2_1 is unknown!
   Area for cell type \sky130_fd_sc_hd__nand2b_1 is unknown!
   Area for cell type \sky130_fd_sc_hd__nand3_1 is unknown!
   Area for cell type \sky130_fd_sc_hd__nand3b_1 is unknown!
   Area for cell type \sky130_fd_sc_hd__nand4_1 is unknown!
   Area for cell type \sky130_fd_sc_hd__nand4b_1 is unknown!
   Area for cell type \sky130_fd_sc_hd__nor2_1 is unknown!
   Area for cell type \sky130_fd_sc_hd__nor2b_1 is unknown!
   Area for cell type \sky130_fd_sc_hd__nor3_1 is unknown!
   Area for cell type \sky130_fd_sc_hd__nor3b_1 is unknown!
   Area for cell type \sky130_fd_sc_hd__nor4_1 is unknown!
   Area for cell type \sky130_fd_sc_hd__nor4b_1 is unknown!
   Area for cell type \sky130_fd_sc_hd__nor4bb_1 is unknown!
   Area for cell type \sky130_fd_sc_hd__o2111ai_1 is unknown!
   Area for cell type \sky130_fd_sc_hd__o211ai_1 is unknown!
   Area for cell type \sky130_fd_sc_hd__o21a_1 is unknown!
   Area for cell type \sky130_fd_sc_hd__o21ai_0 is unknown!
   Area for cell type \sky130_fd_sc_hd__o21ai_1 is unknown!
   Area for cell type \sky130_fd_sc_hd__o21bai_1 is unknown!
   Area for cell type \sky130_fd_sc_hd__o221ai_1 is unknown!
   Area for cell type \sky130_fd_sc_hd__o22a_1 is unknown!
   Area for cell type \sky130_fd_sc_hd__o22ai_1 is unknown!
   Area for cell type \sky130_fd_sc_hd__o311a_1 is unknown!
   Area for cell type \sky130_fd_sc_hd__o311ai_0 is unknown!
   Area for cell type \sky130_fd_sc_hd__o311ai_1 is unknown!
   Area for cell type \sky130_fd_sc_hd__o31a_1 is unknown!
   Area for cell type \sky130_fd_sc_hd__o31ai_1 is unknown!
   Area for cell type \sky130_fd_sc_hd__o32ai_1 is unknown!
   Area for cell type \sky130_fd_sc_hd__o41ai_1 is unknown!
   Area for cell type \sky130_fd_sc_hd__or2_1 is unknown!
   Area for cell type \sky130_fd_sc_hd__or3_1 is unknown!
   Area for cell type \sky130_fd_sc_hd__or4_1 is unknown!
   Area for cell type \sky130_fd_sc_hd__xnor2_1 is unknown!
   Area for cell type \sky130_fd_sc_hd__xor2_1 is unknown!

   Chip area for module '\femto': 6239.734400
     of which used for sequential elements: 0.000000 (0.00%)

